Archive member included to satisfy reference by file (symbol)

C:/ST/STM32CubeIDE_1.19.0/STM32CubeIDE/plugins/com.st.stm32cube.ide.mcu.externaltools.gnu-tools-for-stm32.13.3.rel1.win32_1.0.0.202411081344/tools/bin/../lib/gcc/arm-none-eabi/13.3.1/../../../../arm-none-eabi/lib/thumb/v7e-m+dp/hard\libc_nano.a(libc_a-exit.o)
                              C:/ST/STM32CubeIDE_1.19.0/STM32CubeIDE/plugins/com.st.stm32cube.ide.mcu.externaltools.gnu-tools-for-stm32.13.3.rel1.win32_1.0.0.202411081344/tools/bin/../lib/gcc/arm-none-eabi/13.3.1/../../../../arm-none-eabi/lib/thumb/v7e-m+dp/hard/crt0.o (exit)
C:/ST/STM32CubeIDE_1.19.0/STM32CubeIDE/plugins/com.st.stm32cube.ide.mcu.externaltools.gnu-tools-for-stm32.13.3.rel1.win32_1.0.0.202411081344/tools/bin/../lib/gcc/arm-none-eabi/13.3.1/../../../../arm-none-eabi/lib/thumb/v7e-m+dp/hard\libc_nano.a(libc_a-findfp.o)
                              C:/ST/STM32CubeIDE_1.19.0/STM32CubeIDE/plugins/com.st.stm32cube.ide.mcu.externaltools.gnu-tools-for-stm32.13.3.rel1.win32_1.0.0.202411081344/tools/bin/../lib/gcc/arm-none-eabi/13.3.1/../../../../arm-none-eabi/lib/thumb/v7e-m+dp/hard\libc_nano.a(libc_a-exit.o) (__stdio_exit_handler)
C:/ST/STM32CubeIDE_1.19.0/STM32CubeIDE/plugins/com.st.stm32cube.ide.mcu.externaltools.gnu-tools-for-stm32.13.3.rel1.win32_1.0.0.202411081344/tools/bin/../lib/gcc/arm-none-eabi/13.3.1/../../../../arm-none-eabi/lib/thumb/v7e-m+dp/hard\libc_nano.a(libc_a-fwalk.o)
                              C:/ST/STM32CubeIDE_1.19.0/STM32CubeIDE/plugins/com.st.stm32cube.ide.mcu.externaltools.gnu-tools-for-stm32.13.3.rel1.win32_1.0.0.202411081344/tools/bin/../lib/gcc/arm-none-eabi/13.3.1/../../../../arm-none-eabi/lib/thumb/v7e-m+dp/hard\libc_nano.a(libc_a-findfp.o) (_fwalk_sglue)
C:/ST/STM32CubeIDE_1.19.0/STM32CubeIDE/plugins/com.st.stm32cube.ide.mcu.externaltools.gnu-tools-for-stm32.13.3.rel1.win32_1.0.0.202411081344/tools/bin/../lib/gcc/arm-none-eabi/13.3.1/../../../../arm-none-eabi/lib/thumb/v7e-m+dp/hard\libc_nano.a(libc_a-sprintf.o)
                              ./Core/Src/main.o (sprintf)
C:/ST/STM32CubeIDE_1.19.0/STM32CubeIDE/plugins/com.st.stm32cube.ide.mcu.externaltools.gnu-tools-for-stm32.13.3.rel1.win32_1.0.0.202411081344/tools/bin/../lib/gcc/arm-none-eabi/13.3.1/../../../../arm-none-eabi/lib/thumb/v7e-m+dp/hard\libc_nano.a(libc_a-stdio.o)
                              C:/ST/STM32CubeIDE_1.19.0/STM32CubeIDE/plugins/com.st.stm32cube.ide.mcu.externaltools.gnu-tools-for-stm32.13.3.rel1.win32_1.0.0.202411081344/tools/bin/../lib/gcc/arm-none-eabi/13.3.1/../../../../arm-none-eabi/lib/thumb/v7e-m+dp/hard\libc_nano.a(libc_a-findfp.o) (__sread)
C:/ST/STM32CubeIDE_1.19.0/STM32CubeIDE/plugins/com.st.stm32cube.ide.mcu.externaltools.gnu-tools-for-stm32.13.3.rel1.win32_1.0.0.202411081344/tools/bin/../lib/gcc/arm-none-eabi/13.3.1/../../../../arm-none-eabi/lib/thumb/v7e-m+dp/hard\libc_nano.a(libc_a-memset.o)
                              C:/ST/STM32CubeIDE_1.19.0/STM32CubeIDE/plugins/com.st.stm32cube.ide.mcu.externaltools.gnu-tools-for-stm32.13.3.rel1.win32_1.0.0.202411081344/tools/bin/../lib/gcc/arm-none-eabi/13.3.1/../../../../arm-none-eabi/lib/thumb/v7e-m+dp/hard/crt0.o (memset)
C:/ST/STM32CubeIDE_1.19.0/STM32CubeIDE/plugins/com.st.stm32cube.ide.mcu.externaltools.gnu-tools-for-stm32.13.3.rel1.win32_1.0.0.202411081344/tools/bin/../lib/gcc/arm-none-eabi/13.3.1/../../../../arm-none-eabi/lib/thumb/v7e-m+dp/hard\libc_nano.a(libc_a-closer.o)
                              C:/ST/STM32CubeIDE_1.19.0/STM32CubeIDE/plugins/com.st.stm32cube.ide.mcu.externaltools.gnu-tools-for-stm32.13.3.rel1.win32_1.0.0.202411081344/tools/bin/../lib/gcc/arm-none-eabi/13.3.1/../../../../arm-none-eabi/lib/thumb/v7e-m+dp/hard\libc_nano.a(libc_a-stdio.o) (_close_r)
C:/ST/STM32CubeIDE_1.19.0/STM32CubeIDE/plugins/com.st.stm32cube.ide.mcu.externaltools.gnu-tools-for-stm32.13.3.rel1.win32_1.0.0.202411081344/tools/bin/../lib/gcc/arm-none-eabi/13.3.1/../../../../arm-none-eabi/lib/thumb/v7e-m+dp/hard\libc_nano.a(libc_a-reent.o)
                              C:/ST/STM32CubeIDE_1.19.0/STM32CubeIDE/plugins/com.st.stm32cube.ide.mcu.externaltools.gnu-tools-for-stm32.13.3.rel1.win32_1.0.0.202411081344/tools/bin/../lib/gcc/arm-none-eabi/13.3.1/../../../../arm-none-eabi/lib/thumb/v7e-m+dp/hard\libc_nano.a(libc_a-closer.o) (errno)
C:/ST/STM32CubeIDE_1.19.0/STM32CubeIDE/plugins/com.st.stm32cube.ide.mcu.externaltools.gnu-tools-for-stm32.13.3.rel1.win32_1.0.0.202411081344/tools/bin/../lib/gcc/arm-none-eabi/13.3.1/../../../../arm-none-eabi/lib/thumb/v7e-m+dp/hard\libc_nano.a(libc_a-impure.o)
                              C:/ST/STM32CubeIDE_1.19.0/STM32CubeIDE/plugins/com.st.stm32cube.ide.mcu.externaltools.gnu-tools-for-stm32.13.3.rel1.win32_1.0.0.202411081344/tools/bin/../lib/gcc/arm-none-eabi/13.3.1/../../../../arm-none-eabi/lib/thumb/v7e-m+dp/hard\libc_nano.a(libc_a-sprintf.o) (_impure_ptr)
[...]
Memory Configuration

Name             Origin             Length             Attributes
RAM              0x20000000         0x00080000         xrw
FLASH            0x08000000         0x00200000         xr
*default*        0x00000000         0xffffffff

Linker script and memory map

LOAD C:/ST/STM32CubeIDE_1.19.0/STM32CubeIDE/plugins/com.st.stm32cube.ide.mcu.externaltools.gnu-tools-for-stm32.13.3.rel1.win32_1.0.0.202411081344/tools/bin/../lib/gcc/arm-none-eabi/13.3.1/thumb/v7e-m+dp/hard/crti.o
LOAD C:/ST/STM32CubeIDE_1.19.0/STM32CubeIDE/plugins/com.st.stm32cube.ide.mcu.externaltools.gnu-tools-for-stm32.13.3.rel1.win32_1.0.0.202411081344/tools/bin/../lib/gcc/arm-none-eabi/13.3.1/thumb/v7e-m+dp/hard/crtbegin.o
LOAD C:/ST/STM32CubeIDE_1.19.0/STM32CubeIDE/plugins/com.st.stm32cube.ide.mcu.externaltools.gnu-tools-for-stm32.13.3.rel1.win32_1.0.0.202411081344/tools/bin/../lib/gcc/arm-none-eabi/13.3.1/../../../../arm-none-eabi/lib/thumb/v7e-m+dp/hard/crt0.o
LOAD ./Core/Src/ILI9341_GFX.o
LOAD ./Core/Src/ILI9341_STM32_Driver.o
LOAD ./Core/Src/ILI9341_Touchscreen.o
LOAD ./Core/Src/adc.o
LOAD ./Core/Src/fonts.o
LOAD ./Core/Src/gpio.o
LOAD ./Core/Src/i2c.o
LOAD ./Core/Src/main.o
LOAD ./Core/Src/rng.o
LOAD ./Core/Src/spi.o
LOAD ./Core/Src/stm32f7xx_hal_msp.o
LOAD ./Core/Src/stm32f7xx_it.o
LOAD ./Core/Src/syscalls.o
LOAD ./Core/Src/sysmem.o
LOAD ./Core/Src/system_stm32f7xx.o
LOAD ./Core/Src/tim.o
LOAD ./Core/Startup/startup_stm32f767zitx.o
LOAD ./Drivers/STM32F7xx_HAL_Driver/Src/stm32f7xx_hal.o
LOAD ./Drivers/STM32F7xx_HAL_Driver/Src/stm32f7xx_hal_adc.o
LOAD ./Drivers/STM32F7xx_HAL_Driver/Src/stm32f7xx_hal_adc_ex.o
LOAD ./Drivers/STM32F7xx_HAL_Driver/Src/stm32f7xx_hal_cortex.o
LOAD ./Drivers/STM32F7xx_HAL_Driver/Src/stm32f7xx_hal_dma.o
LOAD ./Drivers/STM32F7xx_HAL_Driver/Src/stm32f7xx_hal_dma_ex.o
LOAD ./Drivers/STM32F7xx_HAL_Driver/Src/stm32f7xx_hal_exti.o
LOAD ./Drivers/STM32F7xx_HAL_Driver/Src/stm32f7xx_hal_flash.o
LOAD ./Drivers/STM32F7xx_HAL_Driver/Src/stm32f7xx_hal_flash_ex.o
LOAD ./Drivers/STM32F7xx_HAL_Driver/Src/stm32f7xx_hal_gpio.o
LOAD ./Drivers/STM32F7xx_HAL_Driver/Src/stm32f7xx_hal_i2c.o
LOAD ./Drivers/STM32F7xx_HAL_Driver/Src/stm32f7xx_hal_i2c_ex.o
LOAD ./Drivers/STM32F7xx_HAL_Driver/Src/stm32f7xx_hal_pwr.o
LOAD ./Drivers/STM32F7xx_HAL_Driver/Src/stm32f7xx_hal_pwr_ex.o
LOAD ./Drivers/STM32F7xx_HAL_Driver/Src/stm32f7xx_hal_rcc.o
LOAD ./Drivers/STM32F7xx_HAL_Driver/Src/stm32f7xx_hal_rcc_ex.o
LOAD ./Drivers/STM32F7xx_HAL_Driver/Src/stm32f7xx_hal_rng.o
LOAD ./Drivers/STM32F7xx_HAL_Driver/Src/stm32f7xx_hal_spi.o
LOAD ./Drivers/STM32F7xx_HAL_Driver/Src/stm32f7xx_hal_spi_ex.o
LOAD ./Drivers/STM32F7xx_HAL_Driver/Src/stm32f7xx_hal_tim.o
LOAD ./Drivers/STM32F7xx_HAL_Driver/Src/stm32f7xx_hal_tim_ex.o
START GROUP
LOAD C:/ST/STM32CubeIDE_1.19.0/STM32CubeIDE/plugins/com.st.stm32cube.ide.mcu.externaltools.gnu-tools-for-stm32.13.3.rel1.win32_1.0.0.202411081344/tools/bin/../lib/gcc/arm-none-eabi/13.3.1/../../../../arm-none-eabi/lib/thumb/v7e-m+dp/hard\libc_nano.a
LOAD C:/ST/STM32CubeIDE_1.19.0/STM32CubeIDE/plugins/com.st.stm32cube.ide.mcu.externaltools.gnu-tools-for-stm32.13.3.rel1.win32_1.0.0.202411081344/tools/bin/../lib/gcc/arm-none-eabi/13.3.1/../../../../arm-none-eabi/lib/thumb/v7e-m+dp/hard\libm.a
END GROUP
START GROUP
LOAD C:/ST/STM32CubeIDE_1.19.0/STM32CubeIDE/plugins/com.st.stm32cube.ide.mcu.externaltools.gnu-tools-for-stm32.13.3.rel1.win32_1.0.0.202411081344/tools/bin/../lib/gcc/arm-none-eabi/13.3.1/thumb/v7e-m+dp/hard\libgcc.a
LOAD C:/ST/STM32CubeIDE_1.19.0/STM32CubeIDE/plugins/com.st.stm32cube.ide.mcu.externaltools.gnu-tools-for-stm32.13.3.rel1.win32_1.0.0.202411081344/tools/bin/../lib/gcc/arm-none-eabi/13.3.1/../../../../arm-none-eabi/lib/thumb/v7e-m+dp/hard\libc_nano.a
END GROUP
START GROUP
LOAD C:/ST/STM32CubeIDE_1.19.0/STM32CubeIDE/plugins/com.st.stm32cube.ide.mcu.externaltools.gnu-tools-for-stm32.13.3.rel1.win32_1.0.0.202411081344/tools/bin/../lib/gcc/arm-none-eabi/13.3.1/thumb/v7e-m+dp/hard\libgcc.a
LOAD C:/ST/STM32CubeIDE_1.19.0/STM32CubeIDE/plugins/com.st.stm32cube.ide.mcu.externaltools.gnu-tools-for-stm32.13.3.rel1.win32_1.0.0.202411081344/tools/bin/../lib/gcc/arm-none-eabi/13.3.1/../../../../arm-none-eabi/lib/thumb/v7e-m+dp/hard\libc_nano.a
LOAD C:/ST/STM32CubeIDE_1.19.0/STM32CubeIDE/plugins/com.st.stm32cube.ide.mcu.externaltools.gnu-tools-for-stm32.13.3.rel1.win32_1.0.0.202411081344/tools/bin/../lib/gcc/arm-none-eabi/13.3.1/../../../../arm-none-eabi/lib/thumb/v7e-m+dp/hard\libnosys.a
END GROUP
START GROUP
LOAD C:/ST/STM32CubeIDE_1.19.0/STM32CubeIDE/plugins/com.st.stm32cube.ide.mcu.externaltools.gnu-tools-for-stm32.13.3.rel1.win32_1.0.0.202411081344/tools/bin/../lib/gcc/arm-none-eabi/13.3.1/thumb/v7e-m+dp/hard\libgcc.a
LOAD C:/ST/STM32CubeIDE_1.19.0/STM32CubeIDE/plugins/com.st.stm32cube.ide.mcu.externaltools.gnu-tools-for-stm32.13.3.rel1.win32_1.0.0.202411081344/tools/bin/../lib/gcc/arm-none-eabi/13.3.1/../../../../arm-none-eabi/lib/thumb/v7e-m+dp/hard\libc_nano.a
LOAD C:/ST/STM32CubeIDE_1.19.0/STM32CubeIDE/plugins/com.st.stm32cube.ide.mcu.externaltools.gnu-tools-for-stm32.13.3.rel1.win32_1.0.0.202411081344/tools/bin/../lib/gcc/arm-none-eabi/13.3.1/../../../../arm-none-eabi/lib/thumb/v7e-m+dp/hard\libnosys.a
END GROUP
LOAD C:/ST/STM32CubeIDE_1.19.0/STM32CubeIDE/plugins/com.st.stm32cube.ide.mcu.externaltools.gnu-tools-for-stm32.13.3.rel1.win32_1.0.0.202411081344/tools/bin/../lib/gcc/arm-none-eabi/13.3.1/thumb/v7e-m+dp/hard/crtend.o
LOAD C:/ST/STM32CubeIDE_1.19.0/STM32CubeIDE/plugins/com.st.stm32cube.ide.mcu.externaltools.gnu-tools-for-stm32.13.3.rel1.win32_1.0.0.202411081344/tools/bin/../lib/gcc/arm-none-eabi/13.3.1/thumb/v7e-m+dp/hard/crtn.o
                0x20080000                        _estack = (ORIGIN (RAM) + LENGTH (RAM))
                0x00000200                        _Min_Heap_Size = 0x200
                0x00000400                        _Min_Stack_Size = 0x400

.isr_vector     0x08000000      0x1f8
                0x08000000                        . = ALIGN (0x4)
 *(.isr_vector)
 .isr_vector    0x08000000      0x1f8 ./Core/Startup/startup_stm32f767zitx.o
                0x08000000                g_pfnVectors
                0x080001f8                        . = ALIGN (0x4)

.text           0x08000200     0x602c
                0x08000200                        . = ALIGN (0x4)
 *(.text)
 .text          0x08000200       0x40 C:/ST/STM32CubeIDE_1.19.0/STM32CubeIDE/plugins/com.st.stm32cube.ide.mcu.externaltools.gnu-tools-for-stm32.13.3.rel1.win32_1.0.0.202411081344/tools/bin/../lib/gcc/arm-none-eabi/13.3.1/thumb/v7e-m+dp/hard/crtbegin.o
 .text          0x08000240       0xa0 C:/ST/STM32CubeIDE_1.19.0/STM32CubeIDE/plugins/com.st.stm32cube.ide.mcu.externaltools.gnu-tools-for-stm32.13.3.rel1.win32_1.0.0.202411081344/tools/bin/../lib/gcc/arm-none-eabi/13.3.1/../../../../arm-none-eabi/lib/thumb/v7e-m+dp/hard\libc_nano.a(libc_a-memchr.o)
                0x08000240                memchr
 .text          0x080002e0       0x30 C:/ST/STM32CubeIDE_1.19.0/STM32CubeIDE/plugins/com.st.stm32cube.ide.mcu.externaltools.gnu-tools-for-stm32.13.3.rel1.win32_1.0.0.202411081344/tools/bin/../lib/gcc/arm-none-eabi/13.3.1/thumb/v7e-m+dp/hard\libgcc.a(_aeabi_uldivmod.o)
                0x080002e0                __aeabi_uldivmod
 .text          0x08000310      0x2f8 C:/ST/STM32CubeIDE_1.19.0/STM32CubeIDE/plugins/com.st.stm32cube.ide.mcu.externaltools.gnu-tools-for-stm32.13.3.rel1.win32_1.0.0.202411081344/tools/bin/../lib/gcc/arm-none-eabi/13.3.1/thumb/v7e-m+dp/hard\libgcc.a(_udivmoddi4.o)
                0x08000310                __udivmoddi4
 .text          0x08000608        0x4 C:/ST/STM32CubeIDE_1.19.0/STM32CubeIDE/plugins/com.st.stm32cube.ide.mcu.externaltools.gnu-tools-for-stm32.13.3.rel1.win32_1.0.0.202411081344/tools/bin/../lib/gcc/arm-none-eabi/13.3.1/thumb/v7e-m+dp/hard\libgcc.a(_dvmd_tls.o)
                0x08000608                __aeabi_idiv0
                0x08000608                __aeabi_ldiv0
 *(.text*)
 .text.ILI9341_Draw_Filled_Circle
                0x0800060c      0x110 ./Core/Src/ILI9341_GFX.o
                0x0800060c                ILI9341_Draw_Filled_Circle
 .text.ILI9341_Draw_Hollow_Rectangle_Coord
                0x0800071c      0x102 ./Core/Src/ILI9341_GFX.o
                0x0800071c                ILI9341_Draw_Hollow_Rectangle_Coord
 *fill*         0x0800081e        0x2 
 .text.ILI9341_Draw_Char
                0x08000820      0x134 ./Core/Src/ILI9341_GFX.o
                0x08000820                ILI9341_Draw_Char
 .text.ILI9341_Draw_Text
                0x08000954       0x5e ./Core/Src/ILI9341_GFX.o
                0x08000954                ILI9341_Draw_Text
 *fill*         0x080009b2        0x2 
 .text.ILI9341_SPI_Init
                0x080009b4       0x20 ./Core/Src/ILI9341_STM32_Driver.o
                0x080009b4                ILI9341_SPI_Init
 .text.ILI9341_SPI_Send
                0x080009d4       0x24 ./Core/Src/ILI9341_STM32_Driver.o
                0x080009d4                ILI9341_SPI_Send
 .text.ILI9341_Write_Command
                0x080009f8       0x44 ./Core/Src/ILI9341_STM32_Driver.o
                0x080009f8                ILI9341_Write_Command
 .text.ILI9341_Write_Data
                0x08000a3c       0x44 ./Core/Src/ILI9341_STM32_Driver.o
                0x08000a3c                ILI9341_Write_Data
 .text.ILI9341_Set_Address
                0x08000a80       0x98 ./Core/Src/ILI9341_STM32_Driver.o
                0x08000a80                ILI9341_Set_Address
 .text.ILI9341_Reset
                0x08000b18       0x3c ./Core/Src/ILI9341_STM32_Driver.o
                0x08000b18                ILI9341_Reset
 .text.ILI9341_Set_Rotation
                0x08000b54       0xa4 ./Core/Src/ILI9341_STM32_Driver.o
                0x08000b54                ILI9341_Set_Rotation
 .text.ILI9341_Enable
                0x08000bf8       0x18 ./Core/Src/ILI9341_STM32_Driver.o
                0x08000bf8                ILI9341_Enable
 .text.ILI9341_Init
                0x08000c10      0x21a ./Core/Src/ILI9341_STM32_Driver.o
                0x08000c10                ILI9341_Init
 *fill*         0x08000e2a        0x2 
 .text.ILI9341_Draw_Colour_Burst
                0x08000e2c      0x13c ./Core/Src/ILI9341_STM32_Driver.o
                0x08000e2c                ILI9341_Draw_Colour_Burst
 .text.ILI9341_Fill_Screen
                0x08000f68       0x4c ./Core/Src/ILI9341_STM32_Driver.o
                0x08000f68                ILI9341_Fill_Screen
 .text.ILI9341_Draw_Pixel
                0x08000fb4      0x1b4 ./Core/Src/ILI9341_STM32_Driver.o
                0x08000fb4                ILI9341_Draw_Pixel
 .text.ILI9341_Draw_Rectangle
                0x08001168       0xb8 ./Core/Src/ILI9341_STM32_Driver.o
                0x08001168                ILI9341_Draw_Rectangle
 .text.ILI9341_Draw_Horizontal_Line
                0x08001220       0x88 ./Core/Src/ILI9341_STM32_Driver.o
                0x08001220                ILI9341_Draw_Horizontal_Line
 .text.ILI9341_Draw_Vertical_Line
                0x080012a8       0x88 ./Core/Src/ILI9341_STM32_Driver.o
                0x080012a8                ILI9341_Draw_Vertical_Line
 .text.TP_Touchpad_Pressed
                0x08001330       0x20 ./Core/Src/ILI9341_Touchscreen.o
                0x08001330                TP_Touchpad_Pressed
 .text.MX_ADC1_Init
                0x08001350       0xa4 ./Core/Src/adc.o
                0x08001350                MX_ADC1_Init
 .text.HAL_ADC_MspInit
                0x080013f4       0x80 ./Core/Src/adc.o
                0x080013f4                HAL_ADC_MspInit
 .text.MX_GPIO_Init
                0x08001474      0x1ac ./Core/Src/gpio.o
                0x08001474                MX_GPIO_Init
 .text.MX_I2C1_Init
                0x08001620       0x80 ./Core/Src/i2c.o
                0x08001620                MX_I2C1_Init
 .text.MX_I2C2_Init
                0x080016a0       0x80 ./Core/Src/i2c.o
                0x080016a0                MX_I2C2_Init
 .text.MX_I2C4_Init
                0x08001720       0x80 ./Core/Src/i2c.o
                0x08001720                MX_I2C4_Init
 .text.HAL_I2C_MspInit
                0x080017a0      0x1dc ./Core/Src/i2c.o
                0x080017a0                HAL_I2C_MspInit
 .text.SCB_EnableICache
                0x0800197c       0x4c ./Core/Src/main.o
 .text.SCB_EnableDCache
                0x080019c8       0x88 ./Core/Src/main.o
 .text.SelectHorse
                0x08001a50       0xfc ./Core/Src/main.o
                0x08001a50                SelectHorse
 .text.DrawBitmap16Bit
                0x08001b4c       0x72 ./Core/Src/main.o
                0x08001b4c                DrawBitmap16Bit
 .text.DrawBitmap16Bit_Transparent
                0x08001bbe       0x7c ./Core/Src/main.o
                0x08001bbe                DrawBitmap16Bit_Transparent
 *fill*         0x08001c3a        0x2 
 .text.selectcharactorsceen
                0x08001c3c       0x58 ./Core/Src/main.o
                0x08001c3c                selectcharactorsceen
 .text.DrawCharacter
                0x08001c94      0x158 ./Core/Src/main.o
                0x08001c94                DrawCharacter
 .text.UpdateSelectScreen
                0x08001dec       0x78 ./Core/Src/main.o
                0x08001dec                UpdateSelectScreen
 .text.training
                0x08001e64       0xe4 ./Core/Src/main.o
                0x08001e64                training
 .text.Color565
                0x08001f48       0x50 ./Core/Src/main.o
                0x08001f48                Color565
 .text.energybar
                0x08001f98       0x40 ./Core/Src/main.o
                0x08001f98                energybar
 .text.Read_ADC_Range
                0x08001fd8       0xa0 ./Core/Src/main.o
                0x08001fd8                Read_ADC_Range
 .text.getCoord
                0x08002078       0xc8 ./Core/Src/main.o
                0x08002078                getCoord
 .text.highlightCharacter
                0x08002140       0x88 ./Core/Src/main.o
                0x08002140                highlightCharacter
 .text.main     0x080021c8      0x170 ./Core/Src/main.o
                0x080021c8                main
 .text.SystemClock_Config
                0x08002338       0xdc ./Core/Src/main.o
                0x08002338                SystemClock_Config
 .text.Error_Handler
                0x08002414        0xc ./Core/Src/main.o
                0x08002414                Error_Handler
 .text.MX_RNG_Init
                0x08002420       0x28 ./Core/Src/rng.o
                0x08002420                MX_RNG_Init
 .text.HAL_RNG_MspInit
                0x08002448       0x68 ./Core/Src/rng.o
                0x08002448                HAL_RNG_MspInit
 .text.MX_SPI5_Init
                0x080024b0       0x7c ./Core/Src/spi.o
                0x080024b0                MX_SPI5_Init
 .text.HAL_SPI_MspInit
                0x0800252c       0x88 ./Core/Src/spi.o
                0x0800252c                HAL_SPI_MspInit
 .text.HAL_MspInit
                0x080025b4       0x48 ./Core/Src/stm32f7xx_hal_msp.o
                0x080025b4                HAL_MspInit
 .text.NMI_Handler
                0x080025fc        0x8 ./Core/Src/stm32f7xx_it.o
                0x080025fc                NMI_Handler
 .text.HardFault_Handler
                0x08002604        0x8 ./Core/Src/stm32f7xx_it.o
                0x08002604                HardFault_Handler
 .text.MemManage_Handler
                0x0800260c        0x8 ./Core/Src/stm32f7xx_it.o
                0x0800260c                MemManage_Handler
 .text.BusFault_Handler
                0x08002614        0x8 ./Core/Src/stm32f7xx_it.o
                0x08002614                BusFault_Handler
 .text.UsageFault_Handler
                0x0800261c        0x8 ./Core/Src/stm32f7xx_it.o
                0x0800261c                UsageFault_Handler
 .text.SVC_Handler
                0x08002624        0xe ./Core/Src/stm32f7xx_it.o
                0x08002624                SVC_Handler
 .text.DebugMon_Handler
                0x08002632        0xe ./Core/Src/stm32f7xx_it.o
                0x08002632                DebugMon_Handler
 .text.PendSV_Handler
                0x08002640        0xe ./Core/Src/stm32f7xx_it.o
                0x08002640                PendSV_Handler
 .text.SysTick_Handler
                0x0800264e        0xc ./Core/Src/stm32f7xx_it.o
                0x0800264e                SysTick_Handler
 *fill*         0x0800265a        0x2 
 .text._sbrk    0x0800265c       0x6c ./Core/Src/sysmem.o
                0x0800265c                _sbrk
 .text.SystemInit
                0x080026c8       0x24 ./Core/Src/system_stm32f7xx.o
                0x080026c8                SystemInit
 .text.MX_TIM1_Init
                0x080026ec       0xa8 ./Core/Src/tim.o
                0x080026ec                MX_TIM1_Init
 .text.HAL_TIM_Base_MspInit
                0x08002794       0x40 ./Core/Src/tim.o
                0x08002794                HAL_TIM_Base_MspInit
 .text.Reset_Handler
                0x080027d4       0x50 ./Core/Startup/startup_stm32f767zitx.o
                0x080027d4                Reset_Handler
 .text.Default_Handler
                0x08002824        0x2 ./Core/Startup/startup_stm32f767zitx.o
                0x08002824                RTC_Alarm_IRQHandler
                0x08002824                EXTI2_IRQHandler
                0x08002824                TIM8_CC_IRQHandler
                0x08002824                UART8_IRQHandler
                0x08002824                SPI4_IRQHandler
                0x08002824                TIM1_CC_IRQHandler
                0x08002824                DMA2_Stream5_IRQHandler
                0x08002824                JPEG_IRQHandler
                0x08002824                DMA1_Stream5_IRQHandler
                0x08002824                CAN3_RX1_IRQHandler
                0x08002824                PVD_IRQHandler
                0x08002824                TAMP_STAMP_IRQHandler
                0x08002824                CAN2_RX1_IRQHandler
                0x08002824                EXTI3_IRQHandler
                0x08002824                TIM8_TRG_COM_TIM14_IRQHandler
                0x08002824                DFSDM1_FLT1_IRQHandler
                0x08002824                TIM1_UP_TIM10_IRQHandler
                0x08002824                TIM8_UP_TIM13_IRQHandler
                0x08002824                I2C3_ER_IRQHandler
                0x08002824                DFSDM1_FLT2_IRQHandler
                0x08002824                EXTI0_IRQHandler
                0x08002824                I2C2_EV_IRQHandler
                0x08002824                DMA1_Stream2_IRQHandler
                0x08002824                CAN1_RX0_IRQHandler
                0x08002824                FPU_IRQHandler
                0x08002824                OTG_HS_WKUP_IRQHandler
                0x08002824                CAN3_SCE_IRQHandler
                0x08002824                LTDC_ER_IRQHandler
                0x08002824                CAN2_SCE_IRQHandler
                0x08002824                DMA2_Stream2_IRQHandler
                0x08002824                SPI1_IRQHandler
                0x08002824                TIM6_DAC_IRQHandler
                0x08002824                TIM1_BRK_TIM9_IRQHandler
                0x08002824                DCMI_IRQHandler
                0x08002824                CAN2_RX0_IRQHandler
                0x08002824                DMA2_Stream3_IRQHandler
                0x08002824                SAI2_IRQHandler
                0x08002824                DFSDM1_FLT3_IRQHandler
                0x08002824                USART6_IRQHandler
                0x08002824                CAN3_RX0_IRQHandler
                0x08002824                USART3_IRQHandler
                0x08002824                CAN1_RX1_IRQHandler
                0x08002824                UART5_IRQHandler
                0x08002824                DMA2_Stream0_IRQHandler
                0x08002824                TIM4_IRQHandler
                0x08002824                QUADSPI_IRQHandler
                0x08002824                I2C1_EV_IRQHandler
                0x08002824                DMA1_Stream6_IRQHandler
                0x08002824                DMA1_Stream1_IRQHandler
                0x08002824                UART4_IRQHandler
                0x08002824                TIM3_IRQHandler
                0x08002824                RCC_IRQHandler
                0x08002824                TIM8_BRK_TIM12_IRQHandler
                0x08002824                Default_Handler
                0x08002824                CEC_IRQHandler
                0x08002824                EXTI15_10_IRQHandler
                0x08002824                ADC_IRQHandler
                0x08002824                DMA1_Stream7_IRQHandler
                0x08002824                SPI5_IRQHandler
                0x08002824                TIM7_IRQHandler
                0x08002824                SDMMC1_IRQHandler
                0x08002824                CAN2_TX_IRQHandler
                0x08002824                TIM5_IRQHandler
                0x08002824                DMA2_Stream7_IRQHandler
                0x08002824                I2C3_EV_IRQHandler
                0x08002824                EXTI9_5_IRQHandler
                0x08002824                RTC_WKUP_IRQHandler
                0x08002824                LTDC_IRQHandler
                0x08002824                ETH_WKUP_IRQHandler
                0x08002824                SPDIF_RX_IRQHandler
                0x08002824                SPI2_IRQHandler
                0x08002824                OTG_HS_EP1_IN_IRQHandler
                0x08002824                DMA1_Stream0_IRQHandler
                0x08002824                CAN1_TX_IRQHandler
                0x08002824                EXTI4_IRQHandler
                0x08002824                RNG_IRQHandler
                0x08002824                ETH_IRQHandler
                0x08002824                OTG_HS_EP1_OUT_IRQHandler
                0x08002824                WWDG_IRQHandler
                0x08002824                SPI6_IRQHandler
                0x08002824                MDIOS_IRQHandler
                0x08002824                I2C4_EV_IRQHandler
                0x08002824                CAN3_TX_IRQHandler
                0x08002824                TIM2_IRQHandler
                0x08002824                OTG_FS_WKUP_IRQHandler
                0x08002824                TIM1_TRG_COM_TIM11_IRQHandler
                0x08002824                OTG_HS_IRQHandler
                0x08002824                DMA2D_IRQHandler
                0x08002824                EXTI1_IRQHandler
                0x08002824                SDMMC2_IRQHandler
                0x08002824                UART7_IRQHandler
                0x08002824                USART2_IRQHandler
                0x08002824                DFSDM1_FLT0_IRQHandler
                0x08002824                I2C2_ER_IRQHandler
                0x08002824                DMA2_Stream1_IRQHandler
                0x08002824                CAN1_SCE_IRQHandler
                0x08002824                FLASH_IRQHandler
                0x08002824                DMA2_Stream4_IRQHandler
                0x08002824                USART1_IRQHandler
                0x08002824                OTG_FS_IRQHandler
                0x08002824                SPI3_IRQHandler
                0x08002824                DMA1_Stream4_IRQHandler
                0x08002824                I2C1_ER_IRQHandler
                0x08002824                FMC_IRQHandler
                0x08002824                LPTIM1_IRQHandler
                0x08002824                I2C4_ER_IRQHandler
                0x08002824                DMA2_Stream6_IRQHandler
                0x08002824                SAI1_IRQHandler
                0x08002824                DMA1_Stream3_IRQHandler
 *fill*         0x08002826        0x2 
 .text.HAL_Init
                0x08002828       0x38 ./Drivers/STM32F7xx_HAL_Driver/Src/stm32f7xx_hal.o
                0x08002828                HAL_Init
 .text.HAL_InitTick
                0x08002860       0x60 ./Drivers/STM32F7xx_HAL_Driver/Src/stm32f7xx_hal.o
                0x08002860                HAL_InitTick
 .text.HAL_IncTick
                0x080028c0       0x28 ./Drivers/STM32F7xx_HAL_Driver/Src/stm32f7xx_hal.o
                0x080028c0                HAL_IncTick
 .text.HAL_GetTick
                0x080028e8       0x18 ./Drivers/STM32F7xx_HAL_Driver/Src/stm32f7xx_hal.o
                0x080028e8                HAL_GetTick
 .text.HAL_Delay
                0x08002900       0x48 ./Drivers/STM32F7xx_HAL_Driver/Src/stm32f7xx_hal.o
                0x08002900                HAL_Delay
 .text.HAL_ADC_Init
                0x08002948       0x88 ./Drivers/STM32F7xx_HAL_Driver/Src/stm32f7xx_hal_adc.o
                0x08002948                HAL_ADC_Init
 .text.HAL_ADC_Start
                0x080029d0      0x19c ./Drivers/STM32F7xx_HAL_Driver/Src/stm32f7xx_hal_adc.o
                0x080029d0                HAL_ADC_Start
 .text.HAL_ADC_Stop
                0x08002b6c       0x68 ./Drivers/STM32F7xx_HAL_Driver/Src/stm32f7xx_hal_adc.o
                0x08002b6c                HAL_ADC_Stop
 .text.HAL_ADC_PollForConversion
                0x08002bd4      0x116 ./Drivers/STM32F7xx_HAL_Driver/Src/stm32f7xx_hal_adc.o
                0x08002bd4                HAL_ADC_PollForConversion
 .text.HAL_ADC_GetValue
                0x08002cea       0x1a ./Drivers/STM32F7xx_HAL_Driver/Src/stm32f7xx_hal_adc.o
                0x08002cea                HAL_ADC_GetValue
 .text.HAL_ADC_ConfigChannel
                0x08002d04      0x2b4 ./Drivers/STM32F7xx_HAL_Driver/Src/stm32f7xx_hal_adc.o
                0x08002d04                HAL_ADC_ConfigChannel
 .text.ADC_Init
                0x08002fb8      0x1f4 ./Drivers/STM32F7xx_HAL_Driver/Src/stm32f7xx_hal_adc.o
 .text.__NVIC_SetPriorityGrouping
                0x080031ac       0x48 ./Drivers/STM32F7xx_HAL_Driver/Src/stm32f7xx_hal_cortex.o
 .text.__NVIC_GetPriorityGrouping
                0x080031f4       0x1c ./Drivers/STM32F7xx_HAL_Driver/Src/stm32f7xx_hal_cortex.o
 .text.__NVIC_SetPriority
                0x08003210       0x54 ./Drivers/STM32F7xx_HAL_Driver/Src/stm32f7xx_hal_cortex.o
 .text.NVIC_EncodePriority
                0x08003264       0x66 ./Drivers/STM32F7xx_HAL_Driver/Src/stm32f7xx_hal_cortex.o
 *fill*         0x080032ca        0x2 
 .text.SysTick_Config
                0x080032cc       0x44 ./Drivers/STM32F7xx_HAL_Driver/Src/stm32f7xx_hal_cortex.o
 .text.HAL_NVIC_SetPriorityGrouping
                0x08003310       0x16 ./Drivers/STM32F7xx_HAL_Driver/Src/stm32f7xx_hal_cortex.o
                0x08003310                HAL_NVIC_SetPriorityGrouping
 .text.HAL_NVIC_SetPriority
                0x08003326       0x38 ./Drivers/STM32F7xx_HAL_Driver/Src/stm32f7xx_hal_cortex.o
                0x08003326                HAL_NVIC_SetPriority
 .text.HAL_SYSTICK_Config
                0x0800335e       0x18 ./Drivers/STM32F7xx_HAL_Driver/Src/stm32f7xx_hal_cortex.o
                0x0800335e                HAL_SYSTICK_Config
 *fill*         0x08003376        0x2 
 .text.HAL_GPIO_Init
                0x08003378      0x358 ./Drivers/STM32F7xx_HAL_Driver/Src/stm32f7xx_hal_gpio.o
                0x08003378                HAL_GPIO_Init
 .text.HAL_GPIO_ReadPin
                0x080036d0       0x30 ./Drivers/STM32F7xx_HAL_Driver/Src/stm32f7xx_hal_gpio.o
                0x080036d0                HAL_GPIO_ReadPin
 .text.HAL_GPIO_WritePin
                0x08003700       0x32 ./Drivers/STM32F7xx_HAL_Driver/Src/stm32f7xx_hal_gpio.o
                0x08003700                HAL_GPIO_WritePin
 *fill*         0x08003732        0x2 
 .text.HAL_I2C_Init
                0x08003734      0x138 ./Drivers/STM32F7xx_HAL_Driver/Src/stm32f7xx_hal_i2c.o
                0x08003734                HAL_I2C_Init
 .text.HAL_I2CEx_ConfigAnalogFilter
                0x0800386c       0x96 ./Drivers/STM32F7xx_HAL_Driver/Src/stm32f7xx_hal_i2c_ex.o
                0x0800386c                HAL_I2CEx_ConfigAnalogFilter
 .text.HAL_I2CEx_ConfigDigitalFilter
                0x08003902       0x98 ./Drivers/STM32F7xx_HAL_Driver/Src/stm32f7xx_hal_i2c_ex.o
                0x08003902                HAL_I2CEx_ConfigDigitalFilter
 *fill*         0x0800399a        0x2 
 .text.HAL_PWREx_EnableOverDrive
                0x0800399c       0xa0 ./Drivers/STM32F7xx_HAL_Driver/Src/stm32f7xx_hal_pwr_ex.o
                0x0800399c                HAL_PWREx_EnableOverDrive
 .text.HAL_RCC_OscConfig
                0x08003a3c      0x55c ./Drivers/STM32F7xx_HAL_Driver/Src/stm32f7xx_hal_rcc.o
                0x08003a3c                HAL_RCC_OscConfig
 .text.HAL_RCC_ClockConfig
                0x08003f98      0x1d8 ./Drivers/STM32F7xx_HAL_Driver/Src/stm32f7xx_hal_rcc.o
                0x08003f98                HAL_RCC_ClockConfig
 .text.HAL_RCC_GetSysClockFreq
                0x08004170      0x18c ./Drivers/STM32F7xx_HAL_Driver/Src/stm32f7xx_hal_rcc.o
                0x08004170                HAL_RCC_GetSysClockFreq
 .text.HAL_RCCEx_PeriphCLKConfig
                0x080042fc      0x850 ./Drivers/STM32F7xx_HAL_Driver/Src/stm32f7xx_hal_rcc_ex.o
                0x080042fc                HAL_RCCEx_PeriphCLKConfig
 .text.HAL_RNG_Init
                0x08004b4c       0x54 ./Drivers/STM32F7xx_HAL_Driver/Src/stm32f7xx_hal_rng.o
                0x08004b4c                HAL_RNG_Init
 .text.HAL_SPI_Init
                0x08004ba0      0x156 ./Drivers/STM32F7xx_HAL_Driver/Src/stm32f7xx_hal_spi.o
                0x08004ba0                HAL_SPI_Init
 .text.HAL_SPI_Transmit
                0x08004cf6      0x2ec ./Drivers/STM32F7xx_HAL_Driver/Src/stm32f7xx_hal_spi.o
                0x08004cf6                HAL_SPI_Transmit
 *fill*         0x08004fe2        0x2 
 .text.SPI_WaitFlagStateUntilTimeout
                0x08004fe4      0x110 ./Drivers/STM32F7xx_HAL_Driver/Src/stm32f7xx_hal_spi.o
 .text.SPI_WaitFifoStateUntilTimeout
                0x080050f4      0x12c ./Drivers/STM32F7xx_HAL_Driver/Src/stm32f7xx_hal_spi.o
 .text.SPI_EndRxTxTransaction
                0x08005220       0xd4 ./Drivers/STM32F7xx_HAL_Driver/Src/stm32f7xx_hal_spi.o
 .text.HAL_TIM_Base_Init
                0x080052f4       0xae ./Drivers/STM32F7xx_HAL_Driver/Src/stm32f7xx_hal_tim.o
                0x080052f4                HAL_TIM_Base_Init
 *fill*         0x080053a2        0x2 
 .text.HAL_TIM_ConfigClockSource
                0x080053a4      0x194 ./Drivers/STM32F7xx_HAL_Driver/Src/stm32f7xx_hal_tim.o
                0x080053a4                HAL_TIM_ConfigClockSource
 .text.TIM_Base_SetConfig
                0x08005538      0x14c ./Drivers/STM32F7xx_HAL_Driver/Src/stm32f7xx_hal_tim.o
                0x08005538                TIM_Base_SetConfig
 .text.TIM_TI1_ConfigInputStage
                0x08005684       0x5e ./Drivers/STM32F7xx_HAL_Driver/Src/stm32f7xx_hal_tim.o
 .text.TIM_TI2_ConfigInputStage
                0x080056e2       0x60 ./Drivers/STM32F7xx_HAL_Driver/Src/stm32f7xx_hal_tim.o
 .text.TIM_ITRx_SetConfig
                0x08005742       0x36 ./Drivers/STM32F7xx_HAL_Driver/Src/stm32f7xx_hal_tim.o
 .text.TIM_ETR_SetConfig
                0x08005778       0x40 ./Drivers/STM32F7xx_HAL_Driver/Src/stm32f7xx_hal_tim.o
                0x08005778                TIM_ETR_SetConfig
 .text.HAL_TIMEx_MasterConfigSynchronization
                0x080057b8      0x11c ./Drivers/STM32F7xx_HAL_Driver/Src/stm32f7xx_hal_tim_ex.o
                0x080057b8                HAL_TIMEx_MasterConfigSynchronization
 .text.sprintf  0x080058d4       0x44 C:/ST/STM32CubeIDE_1.19.0/STM32CubeIDE/plugins/com.st.stm32cube.ide.mcu.externaltools.gnu-tools-for-stm32.13.3.rel1.win32_1.0.0.202411081344/tools/bin/../lib/gcc/arm-none-eabi/13.3.1/../../../../arm-none-eabi/lib/thumb/v7e-m+dp/hard\libc_nano.a(libc_a-sprintf.o)
                0x080058d4                siprintf
                0x080058d4                sprintf
 .text.memset   0x08005918       0x10 C:/ST/STM32CubeIDE_1.19.0/STM32CubeIDE/plugins/com.st.stm32cube.ide.mcu.externaltools.gnu-tools-for-stm32.13.3.rel1.win32_1.0.0.202411081344/tools/bin/../lib/gcc/arm-none-eabi/13.3.1/../../../../arm-none-eabi/lib/thumb/v7e-m+dp/hard\libc_nano.a(libc_a-memset.o)
                0x08005918                memset
 .text.__errno  0x08005928        0xc C:/ST/STM32CubeIDE_1.19.0/STM32CubeIDE/plugins/com.st.stm32cube.ide.mcu.externaltools.gnu-tools-for-stm32.13.3.rel1.win32_1.0.0.202411081344/tools/bin/../lib/gcc/arm-none-eabi/13.3.1/../../../../arm-none-eabi/lib/thumb/v7e-m+dp/hard\libc_nano.a(libc_a-errno.o)
                0x08005928                __errno
 .text.__libc_init_array
                0x08005934       0x48 C:/ST/STM32CubeIDE_1.19.0/STM32CubeIDE/plugins/com.st.stm32cube.ide.mcu.externaltools.gnu-tools-for-stm32.13.3.rel1.win32_1.0.0.202411081344/tools/bin/../lib/gcc/arm-none-eabi/13.3.1/../../../../arm-none-eabi/lib/thumb/v7e-m+dp/hard\libc_nano.a(libc_a-init.o)
                0x08005934                __libc_init_array
 .text.__retarget_lock_acquire_recursive
                0x0800597c        0x2 C:/ST/STM32CubeIDE_1.19.0/STM32CubeIDE/plugins/com.st.stm32cube.ide.mcu.externaltools.gnu-tools-for-stm32.13.3.rel1.win32_1.0.0.202411081344/tools/bin/../lib/gcc/arm-none-eabi/13.3.1/../../../../arm-none-eabi/lib/thumb/v7e-m+dp/hard\libc_nano.a(libc_a-lock.o)
                0x0800597c                __retarget_lock_acquire_recursive
 .text.__retarget_lock_release_recursive
                0x0800597e        0x2 C:/ST/STM32CubeIDE_1.19.0/STM32CubeIDE/plugins/com.st.stm32cube.ide.mcu.externaltools.gnu-tools-for-stm32.13.3.rel1.win32_1.0.0.202411081344/tools/bin/../lib/gcc/arm-none-eabi/13.3.1/../../../../arm-none-eabi/lib/thumb/v7e-m+dp/hard\libc_nano.a(libc_a-lock.o)
                0x0800597e                __retarget_lock_release_recursive
 .text._free_r  0x08005980       0x94 C:/ST/STM32CubeIDE_1.19.0/STM32CubeIDE/plugins/com.st.stm32cube.ide.mcu.externaltools.gnu-tools-for-stm32.13.3.rel1.win32_1.0.0.202411081344/tools/bin/../lib/gcc/arm-none-eabi/13.3.1/../../../../arm-none-eabi/lib/thumb/v7e-m+dp/hard\libc_nano.a(libc_a-freer.o)
                0x08005980                _free_r
 .text.sbrk_aligned
                0x08005a14       0x44 C:/ST/STM32CubeIDE_1.19.0/STM32CubeIDE/plugins/com.st.stm32cube.ide.mcu.externaltools.gnu-tools-for-stm32.13.3.rel1.win32_1.0.0.202411081344/tools/bin/../lib/gcc/arm-none-eabi/13.3.1/../../../../arm-none-eabi/lib/thumb/v7e-m+dp/hard\libc_nano.a(libc_a-mallocr.o)
 .text._malloc_r
                0x08005a58      0x100 C:/ST/STM32CubeIDE_1.19.0/STM32CubeIDE/plugins/com.st.stm32cube.ide.mcu.externaltools.gnu-tools-for-stm32.13.3.rel1.win32_1.0.0.202411081344/tools/bin/../lib/gcc/arm-none-eabi/13.3.1/../../../../arm-none-eabi/lib/thumb/v7e-m+dp/hard\libc_nano.a(libc_a-mallocr.o)
                0x08005a58                _malloc_r
 .text.__malloc_lock
                0x08005b58        0xc C:/ST/STM32CubeIDE_1.19.0/STM32CubeIDE/plugins/com.st.stm32cube.ide.mcu.externaltools.gnu-tools-for-stm32.13.3.rel1.win32_1.0.0.202411081344/tools/bin/../lib/gcc/arm-none-eabi/13.3.1/../../../../arm-none-eabi/lib/thumb/v7e-m+dp/hard\libc_nano.a(libc_a-mlock.o)
                0x08005b58                __malloc_lock
 .text.__malloc_unlock
                0x08005b64        0xc C:/ST/STM32CubeIDE_1.19.0/STM32CubeIDE/plugins/com.st.stm32cube.ide.mcu.externaltools.gnu-tools-for-stm32.13.3.rel1.win32_1.0.0.202411081344/tools/bin/../lib/gcc/arm-none-eabi/13.3.1/../../../../arm-none-eabi/lib/thumb/v7e-m+dp/hard\libc_nano.a(libc_a-mlock.o)
                0x08005b64                __malloc_unlock
 .text.__ssputs_r
                0x08005b70       0xb6 C:/ST/STM32CubeIDE_1.19.0/STM32CubeIDE/plugins/com.st.stm32cube.ide.mcu.externaltools.gnu-tools-for-stm32.13.3.rel1.win32_1.0.0.202411081344/tools/bin/../lib/gcc/arm-none-eabi/13.3.1/../../../../arm-none-eabi/lib/thumb/v7e-m+dp/hard\libc_nano.a(libc_a-nano-svfprintf.o)
                0x08005b70                __ssputs_r
 *fill*         0x08005c26        0x2 
 .text._svfprintf_r
                0x08005c28      0x1f8 C:/ST/STM32CubeIDE_1.19.0/STM32CubeIDE/plugins/com.st.stm32cube.ide.mcu.externaltools.gnu-tools-for-stm32.13.3.rel1.win32_1.0.0.202411081344/tools/bin/../lib/gcc/arm-none-eabi/13.3.1/../../../../arm-none-eabi/lib/thumb/v7e-m+dp/hard\libc_nano.a(libc_a-nano-svfprintf.o)
                0x08005c28                _svfiprintf_r
                0x08005c28                _svfprintf_r
 .text._printf_common
                0x08005e20       0xda C:/ST/STM32CubeIDE_1.19.0/STM32CubeIDE/plugins/com.st.stm32cube.ide.mcu.externaltools.gnu-tools-for-stm32.13.3.rel1.win32_1.0.0.202411081344/tools/bin/../lib/gcc/arm-none-eabi/13.3.1/../../../../arm-none-eabi/lib/thumb/v7e-m+dp/hard\libc_nano.a(libc_a-nano-vfprintf_i.o)
                0x08005e20                _printf_common
 *fill*         0x08005efa        0x2 
 .text._printf_i
                0x08005efc      0x23c C:/ST/STM32CubeIDE_1.19.0/STM32CubeIDE/plugins/com.st.stm32cube.ide.mcu.externaltools.gnu-tools-for-stm32.13.3.rel1.win32_1.0.0.202411081344/tools/bin/../lib/gcc/arm-none-eabi/13.3.1/../../../../arm-none-eabi/lib/thumb/v7e-m+dp/hard\libc_nano.a(libc_a-nano-vfprintf_i.o)
                0x08005efc                _printf_i
 .text.memmove  0x08006138       0x34 C:/ST/STM32CubeIDE_1.19.0/STM32CubeIDE/plugins/com.st.stm32cube.ide.mcu.externaltools.gnu-tools-for-stm32.13.3.rel1.win32_1.0.0.202411081344/tools/bin/../lib/gcc/arm-none-eabi/13.3.1/../../../../arm-none-eabi/lib/thumb/v7e-m+dp/hard\libc_nano.a(libc_a-memmove.o)
                0x08006138                memmove
 .text._sbrk_r  0x0800616c       0x20 C:/ST/STM32CubeIDE_1.19.0/STM32CubeIDE/plugins/com.st.stm32cube.ide.mcu.externaltools.gnu-tools-for-stm32.13.3.rel1.win32_1.0.0.202411081344/tools/bin/../lib/gcc/arm-none-eabi/13.3.1/../../../../arm-none-eabi/lib/thumb/v7e-m+dp/hard\libc_nano.a(libc_a-sbrkr.o)
                0x0800616c                _sbrk_r
 .text.memcpy   0x0800618c       0x1c C:/ST/STM32CubeIDE_1.19.0/STM32CubeIDE/plugins/com.st.stm32cube.ide.mcu.externaltools.gnu-tools-for-stm32.13.3.rel1.win32_1.0.0.202411081344/tools/bin/../lib/gcc/arm-none-eabi/13.3.1/../../../../arm-none-eabi/lib/thumb/v7e-m+dp/hard\libc_nano.a(libc_a-memcpy-stub.o)
                0x0800618c                memcpy
 .text._realloc_r
                0x080061a8       0x5c C:/ST/STM32CubeIDE_1.19.0/STM32CubeIDE/plugins/com.st.stm32cube.ide.mcu.externaltools.gnu-tools-for-stm32.13.3.rel1.win32_1.0.0.202411081344/tools/bin/../lib/gcc/arm-none-eabi/13.3.1/../../../../arm-none-eabi/lib/thumb/v7e-m+dp/hard\libc_nano.a(libc_a-reallocr.o)
                0x080061a8                _realloc_r
 .text._malloc_usable_size_r
                0x08006204       0x10 C:/ST/STM32CubeIDE_1.19.0/STM32CubeIDE/plugins/com.st.stm32cube.ide.mcu.externaltools.gnu-tools-for-stm32.13.3.rel1.win32_1.0.0.202411081344/tools/bin/../lib/gcc/arm-none-eabi/13.3.1/../../../../arm-none-eabi/lib/thumb/v7e-m+dp/hard\libc_nano.a(libc_a-msizer.o)
                0x08006204                _malloc_usable_size_r
 *(.glue_7)
 .glue_7        0x08006214        0x0 linker stubs
 *(.glue_7t)
 .glue_7t       0x08006214        0x0 linker stubs
 *(.eh_frame)
 .eh_frame      0x08006214        0x0 C:/ST/STM32CubeIDE_1.19.0/STM32CubeIDE/plugins/com.st.stm32cube.ide.mcu.externaltools.gnu-tools-for-stm32.13.3.rel1.win32_1.0.0.202411081344/tools/bin/../lib/gcc/arm-none-eabi/13.3.1/thumb/v7e-m+dp/hard/crtbegin.o
 *(.init)
 .init          0x08006214        0x4 C:/ST/STM32CubeIDE_1.19.0/STM32CubeIDE/plugins/com.st.stm32cube.ide.mcu.externaltools.gnu-tools-for-stm32.13.3.rel1.win32_1.0.0.202411081344/tools/bin/../lib/gcc/arm-none-eabi/13.3.1/thumb/v7e-m+dp/hard/crti.o
                0x08006214                _init
 .init          0x08006218        0x8 C:/ST/STM32CubeIDE_1.19.0/STM32CubeIDE/plugins/com.st.stm32cube.ide.mcu.externaltools.gnu-tools-for-stm32.13.3.rel1.win32_1.0.0.202411081344/tools/bin/../lib/gcc/arm-none-eabi/13.3.1/thumb/v7e-m+dp/hard/crtn.o
 *(.fini)
 .fini          0x08006220        0x4 C:/ST/STM32CubeIDE_1.19.0/STM32CubeIDE/plugins/com.st.stm32cube.ide.mcu.externaltools.gnu-tools-for-stm32.13.3.rel1.win32_1.0.0.202411081344/tools/bin/../lib/gcc/arm-none-eabi/13.3.1/thumb/v7e-m+dp/hard/crti.o
                0x08006220                _fini
 .fini          0x08006224        0x8 C:/ST/STM32CubeIDE_1.19.0/STM32CubeIDE/plugins/com.st.stm32cube.ide.mcu.externaltools.gnu-tools-for-stm32.13.3.rel1.win32_1.0.0.202411081344/tools/bin/../lib/gcc/arm-none-eabi/13.3.1/thumb/v7e-m+dp/hard/crtn.o
                0x0800622c                        . = ALIGN (0x4)
                0x0800622c                        _etext = .

.vfp11_veneer   0x0800622c        0x0
 .vfp11_veneer  0x0800622c        0x0 linker stubs

.v4_bx          0x0800622c        0x0
 .v4_bx         0x0800622c        0x0 linker stubs

.iplt           0x0800622c        0x0
 .iplt          0x0800622c        0x0 C:/ST/STM32CubeIDE_1.19.0/STM32CubeIDE/plugins/com.st.stm32cube.ide.mcu.externaltools.gnu-tools-for-stm32.13.3.rel1.win32_1.0.0.202411081344/tools/bin/../lib/gcc/arm-none-eabi/13.3.1/thumb/v7e-m+dp/hard/crtbegin.o

.rodata         0x0800622c    0xba010
                0x0800622c                        . = ALIGN (0x4)
 *(.rodata)
 .rodata        0x0800622c       0x8c ./Core/Src/main.o
 *(.rodata*)
 .rodata.font   0x080062b8      0x240 ./Core/Src/ILI9341_GFX.o
 .rodata.ouguri_cap
                0x080064f8     0x4b00 ./Core/Src/main.o
                0x080064f8                ouguri_cap
 .rodata.tokai_teio
                0x0800aff8     0x4b00 ./Core/Src/main.o
                0x0800aff8                tokai_teio
 .rodata.seiun_sky
                0x0800faf8     0x4b00 ./Core/Src/main.o
                0x0800faf8                seiun_sky
 .rodata.kita_sun
                0x080145f8     0x4b00 ./Core/Src/main.o
                0x080145f8                kita_sun
 .rodata.silence_susuka
                0x080190f8     0x4b00 ./Core/Src/main.o
                0x080190f8                silence_susuka
 .rodata.still_inlove
                0x0801dbf8     0x4b00 ./Core/Src/main.o
                0x0801dbf8                still_inlove
 .rodata.title_screen
                0x080226f8    0x25800 ./Core/Src/main.o
                0x080226f8                title_screen
 .rodata.select_bg
                0x08047ef8    0x25800 ./Core/Src/main.o
                0x08047ef8                select_bg
 .rodata.tokai_teio_train
                0x0806d6f8     0xdc80 ./Core/Src/main.o
                0x0806d6f8                tokai_teio_train
 .rodata.ouguri_cap_train
                0x0807b378     0xdc80 ./Core/Src/main.o
                0x0807b378                ouguri_cap_train
 .rodata.seiun_sky_train
                0x08088ff8     0xdc80 ./Core/Src/main.o
                0x08088ff8                seiun_sky_train
 .rodata.kita_sun_train
                0x08096c78     0xdc80 ./Core/Src/main.o
                0x08096c78                kita_sun_train
 .rodata.silence_susuka_train
                0x080a48f8     0xdc80 ./Core/Src/main.o
                0x080a48f8                silence_susuka_train
 .rodata.still_inlove_train
                0x080b2578     0xdc80 ./Core/Src/main.o
                0x080b2578                still_inlove_train
 .rodata.AHBPrescTable
                0x080c01f8       0x10 ./Core/Src/system_stm32f7xx.o
                0x080c01f8                AHBPrescTable
 .rodata._svfprintf_r.str1.1
                0x080c0208       0x33 C:/ST/STM32CubeIDE_1.19.0/STM32CubeIDE/plugins/com.st.stm32cube.ide.mcu.externaltools.gnu-tools-for-stm32.13.3.rel1.win32_1.0.0.202411081344/tools/bin/../lib/gcc/arm-none-eabi/13.3.1/../../../../arm-none-eabi/lib/thumb/v7e-m+dp/hard\libc_nano.a(libc_a-nano-svfprintf.o)
                                 0x11 (size before relaxing)
 .rodata._printf_i.str1.1
                0x080c023b       0x22 C:/ST/STM32CubeIDE_1.19.0/STM32CubeIDE/plugins/com.st.stm32cube.ide.mcu.externaltools.gnu-tools-for-stm32.13.3.rel1.win32_1.0.0.202411081344/tools/bin/../lib/gcc/arm-none-eabi/13.3.1/../../../../arm-none-eabi/lib/thumb/v7e-m+dp/hard\libc_nano.a(libc_a-nano-vfprintf_i.o)
                0x080c0260                        . = ALIGN (0x4)
 *fill*         0x080c023b        0x1 

.ARM.extab      0x080c023c        0x0
                0x080c023c                        . = ALIGN (0x4)
 *(.ARM.extab* .gnu.linkonce.armextab.*)
                0x080c023c                        . = ALIGN (0x4)

.ARM            0x080c023c        0x8
                0x080c023c                        . = ALIGN (0x4)
                0x080c023c                        __exidx_start = .
 *(.ARM.exidx*)
 .ARM.exidx     0x080c023c        0x8 C:/ST/STM32CubeIDE_1.19.0/STM32CubeIDE/plugins/com.st.stm32cube.ide.mcu.externaltools.gnu-tools-for-stm32.13.3.rel1.win32_1.0.0.202411081344/tools/bin/../lib/gcc/arm-none-eabi/13.3.1/../../../../arm-none-eabi/lib/thumb/v7e-m+dp/hard\libc_nano.a(libc_a-memchr.o)
 .ARM.exidx     0x080c0244        0x0 C:/ST/STM32CubeIDE_1.19.0/STM32CubeIDE/plugins/com.st.stm32cube.ide.mcu.externaltools.gnu-tools-for-stm32.13.3.rel1.win32_1.0.0.202411081344/tools/bin/../lib/gcc/arm-none-eabi/13.3.1/thumb/v7e-m+dp/hard\libgcc.a(_udivmoddi4.o)
                                  0x8 (size before relaxing)
                0x080c0244                        __exidx_end = .
                0x080c0244                        . = ALIGN (0x4)

.preinit_array  0x080c0244        0x0
                0x080c0244                        . = ALIGN (0x4)
                0x080c0244                        PROVIDE (__preinit_array_start = .)
 *(.preinit_array*)
                0x080c0244                        PROVIDE (__preinit_array_end = .)
                0x080c0244                        . = ALIGN (0x4)

.init_array     0x080c0244        0x4
                0x080c0244                        . = ALIGN (0x4)
                0x080c0244                        PROVIDE (__init_array_start = .)
 *(SORT_BY_NAME(.init_array.*))
 *(.init_array*)
 .init_array    0x080c0244        0x4 C:/ST/STM32CubeIDE_1.19.0/STM32CubeIDE/plugins/com.st.stm32cube.ide.mcu.externaltools.gnu-tools-for-stm32.13.3.rel1.win32_1.0.0.202411081344/tools/bin/../lib/gcc/arm-none-eabi/13.3.1/thumb/v7e-m+dp/hard/crtbegin.o
                0x080c0248                        PROVIDE (__init_array_end = .)
                0x080c0248                        . = ALIGN (0x4)

.fini_array     0x080c0248        0x4
                0x080c0248                        . = ALIGN (0x4)
                [!provide]                        PROVIDE (__fini_array_start = .)
 *(SORT_BY_NAME(.fini_array.*))
 *(.fini_array*)
 .fini_array    0x080c0248        0x4 C:/ST/STM32CubeIDE_1.19.0/STM32CubeIDE/plugins/com.st.stm32cube.ide.mcu.externaltools.gnu-tools-for-stm32.13.3.rel1.win32_1.0.0.202411081344/tools/bin/../lib/gcc/arm-none-eabi/13.3.1/thumb/v7e-m+dp/hard/crtbegin.o
                [!provide]                        PROVIDE (__fini_array_end = .)
                0x080c024c                        . = ALIGN (0x4)
                0x080c024c                        _sidata = LOADADDR (.data)

.rel.dyn        0x080c024c        0x0
 .rel.iplt      0x080c024c        0x0 C:/ST/STM32CubeIDE_1.19.0/STM32CubeIDE/plugins/com.st.stm32cube.ide.mcu.externaltools.gnu-tools-for-stm32.13.3.rel1.win32_1.0.0.202411081344/tools/bin/../lib/gcc/arm-none-eabi/13.3.1/thumb/v7e-m+dp/hard/crtbegin.o

.data           0x20000000      0x118 load address 0x080c024c
                0x20000000                        . = ALIGN (0x4)
                0x20000000                        _sdata = .
 *(.data)
 *(.data*)
 .data.LCD_HEIGHT
                0x20000000        0x2 ./Core/Src/ILI9341_STM32_Driver.o
                0x20000000                LCD_HEIGHT
 .data.LCD_WIDTH
                0x20000002        0x2 ./Core/Src/ILI9341_STM32_Driver.o
                0x20000002                LCD_WIDTH
 .data.horses   0x20000004       0x78 ./Core/Src/main.o
                0x20000004                horses
 .data.players  0x2000007c       0x3c ./Core/Src/main.o
                0x2000007c                players
 .data.prevAdcRange
                0x200000b8        0x1 ./Core/Src/main.o
                0x200000b8                prevAdcRange
 *fill*         0x200000b9        0x3 
 .data.SystemCoreClock
                0x200000bc        0x4 ./Core/Src/system_stm32f7xx.o
                0x200000bc                SystemCoreClock
 .data.uwTickPrio
                0x200000c0        0x4 ./Drivers/STM32F7xx_HAL_Driver/Src/stm32f7xx_hal.o
                0x200000c0                uwTickPrio
 .data.uwTickFreq
                0x200000c4        0x1 ./Drivers/STM32F7xx_HAL_Driver/Src/stm32f7xx_hal.o
                0x200000c4                uwTickFreq
 *fill*         0x200000c5        0x3 
 .data._impure_ptr
                0x200000c8        0x4 C:/ST/STM32CubeIDE_1.19.0/STM32CubeIDE/plugins/com.st.stm32cube.ide.mcu.externaltools.gnu-tools-for-stm32.13.3.rel1.win32_1.0.0.202411081344/tools/bin/../lib/gcc/arm-none-eabi/13.3.1/../../../../arm-none-eabi/lib/thumb/v7e-m+dp/hard\libc_nano.a(libc_a-impure.o)
                0x200000c8                _impure_ptr
 .data._impure_data
                0x200000cc       0x4c C:/ST/STM32CubeIDE_1.19.0/STM32CubeIDE/plugins/com.st.stm32cube.ide.mcu.externaltools.gnu-tools-for-stm32.13.3.rel1.win32_1.0.0.202411081344/tools/bin/../lib/gcc/arm-none-eabi/13.3.1/../../../../arm-none-eabi/lib/thumb/v7e-m+dp/hard\libc_nano.a(libc_a-impure.o)
                0x200000cc                _impure_data
 *(.RamFunc)
 *(.RamFunc*)
                0x20000118                        . = ALIGN (0x4)
                0x20000118                        _edata = .

.igot.plt       0x20000118        0x0 load address 0x080c0364
 .igot.plt      0x20000118        0x0 C:/ST/STM32CubeIDE_1.19.0/STM32CubeIDE/plugins/com.st.stm32cube.ide.mcu.externaltools.gnu-tools-for-stm32.13.3.rel1.win32_1.0.0.202411081344/tools/bin/../lib/gcc/arm-none-eabi/13.3.1/thumb/v7e-m+dp/hard/crtbegin.o
                0x20000118                        . = ALIGN (0x4)

.bss            0x20000118      0x37c load address 0x080c0364
                0x20000118                        _sbss = .
                0x20000118                        __bss_start__ = _sbss
 *(.bss)
 .bss           0x20000118       0x1c C:/ST/STM32CubeIDE_1.19.0/STM32CubeIDE/plugins/com.st.stm32cube.ide.mcu.externaltools.gnu-tools-for-stm32.13.3.rel1.win32_1.0.0.202411081344/tools/bin/../lib/gcc/arm-none-eabi/13.3.1/thumb/v7e-m+dp/hard/crtbegin.o
 *(.bss*)
 .bss.hadc1     0x20000134       0x48 ./Core/Src/adc.o
                0x20000134                hadc1
 .bss.hi2c1     0x2000017c       0x54 ./Core/Src/i2c.o
                0x2000017c                hi2c1
 .bss.hi2c2     0x200001d0       0x54 ./Core/Src/i2c.o
                0x200001d0                hi2c2
 .bss.hi2c4     0x20000224       0x54 ./Core/Src/i2c.o
                0x20000224                hi2c4
 .bss.currentState
                0x20000278        0x1 ./Core/Src/main.o
                0x20000278                currentState
 *fill*         0x20000279        0x3 
 .bss.adcValue  0x2000027c        0x4 ./Core/Src/main.o
                0x2000027c                adcValue
 .bss.adcRange  0x20000280        0x1 ./Core/Src/main.o
                0x20000280                adcRange
 *fill*         0x20000281        0x3 
 .bss.hrng      0x20000284       0x10 ./Core/Src/rng.o
                0x20000284                hrng
 .bss.hspi5     0x20000294       0x64 ./Core/Src/spi.o
                0x20000294                hspi5
 .bss.__sbrk_heap_end
                0x200002f8        0x4 ./Core/Src/sysmem.o
 .bss.htim1     0x200002fc       0x4c ./Core/Src/tim.o
                0x200002fc                htim1
 .bss.uwTick    0x20000348        0x4 ./Drivers/STM32F7xx_HAL_Driver/Src/stm32f7xx_hal.o
                0x20000348                uwTick
 .bss.__sf      0x2000034c      0x138 C:/ST/STM32CubeIDE_1.19.0/STM32CubeIDE/plugins/com.st.stm32cube.ide.mcu.externaltools.gnu-tools-for-stm32.13.3.rel1.win32_1.0.0.202411081344/tools/bin/../lib/gcc/arm-none-eabi/13.3.1/../../../../arm-none-eabi/lib/thumb/v7e-m+dp/hard\libc_nano.a(libc_a-findfp.o)
                0x2000034c                __sf
 .bss.errno     0x20000484        0x4 C:/ST/STM32CubeIDE_1.19.0/STM32CubeIDE/plugins/com.st.stm32cube.ide.mcu.externaltools.gnu-tools-for-stm32.13.3.rel1.win32_1.0.0.202411081344/tools/bin/../lib/gcc/arm-none-eabi/13.3.1/../../../../arm-none-eabi/lib/thumb/v7e-m+dp/hard\libc_nano.a(libc_a-reent.o)
                0x20000484                errno
 .bss.__lock___malloc_recursive_mutex
                0x20000488        0x1 C:/ST/STM32CubeIDE_1.19.0/STM32CubeIDE/plugins/com.st.stm32cube.ide.mcu.externaltools.gnu-tools-for-stm32.13.3.rel1.win32_1.0.0.202411081344/tools/bin/../lib/gcc/arm-none-eabi/13.3.1/../../../../arm-none-eabi/lib/thumb/v7e-m+dp/hard\libc_nano.a(libc_a-lock.o)
                0x20000488                __lock___malloc_recursive_mutex
 *fill*         0x20000489        0x3 
 .bss.__malloc_sbrk_start
                0x2000048c        0x4 C:/ST/STM32CubeIDE_1.19.0/STM32CubeIDE/plugins/com.st.stm32cube.ide.mcu.externaltools.gnu-tools-for-stm32.13.3.rel1.win32_1.0.0.202411081344/tools/bin/../lib/gcc/arm-none-eabi/13.3.1/../../../../arm-none-eabi/lib/thumb/v7e-m+dp/hard\libc_nano.a(libc_a-mallocr.o)
                0x2000048c                __malloc_sbrk_start
 .bss.__malloc_free_list
                0x20000490        0x4 C:/ST/STM32CubeIDE_1.19.0/STM32CubeIDE/plugins/com.st.stm32cube.ide.mcu.externaltools.gnu-tools-for-stm32.13.3.rel1.win32_1.0.0.202411081344/tools/bin/../lib/gcc/arm-none-eabi/13.3.1/../../../../arm-none-eabi/lib/thumb/v7e-m+dp/hard\libc_nano.a(libc_a-mallocr.o)
                0x20000490                __malloc_free_list
 *(COMMON)
                0x20000494                        . = ALIGN (0x4)
                0x20000494                        _ebss = .
                0x20000494                        __bss_end__ = _ebss

._user_heap_stack
                0x20000494      0x604 load address 0x080c0364
                0x20000498                        . = ALIGN (0x8)
 *fill*         0x20000494        0x4 
                [!provide]                        PROVIDE (end = .)
                0x20000498                        PROVIDE (_end = .)
                0x20000698                        . = (. + _Min_Heap_Size)
 *fill*         0x20000498      0x200 
                0x20000a98                        . = (. + _Min_Stack_Size)
 *fill*         0x20000698      0x400 
                0x20000a98                        . = ALIGN (0x8)

/DISCARD/
 libc.a(*)
 libm.a(*)
 libgcc.a(*)

.ARM.attributes
                0x00000000       0x2e
 *(.ARM.attributes)
 .ARM.attributes
                0x00000000       0x20 C:/ST/STM32CubeIDE_1.19.0/STM32CubeIDE/plugins/com.st.stm32cube.ide.mcu.externaltools.gnu-tools-for-stm32.13.3.rel1.win32_1.0.0.202411081344/tools/bin/../lib/gcc/arm-none-eabi/13.3.1/thumb/v7e-m+dp/hard/crti.o
 .ARM.attributes
                0x00000020       0x32 C:/ST/STM32CubeIDE_1.19.0/STM32CubeIDE/plugins/com.st.stm32cube.ide.mcu.externaltools.gnu-tools-for-stm32.13.3.rel1.win32_1.0.0.202411081344/tools/bin/../lib/gcc/arm-none-eabi/13.3.1/thumb/v7e-m+dp/hard/crtbegin.o
 .ARM.attributes
                0x00000052       0x32 ./Core/Src/ILI9341_GFX.o
 .ARM.attributes
                0x00000084       0x32 ./Core/Src/ILI9341_STM32_Driver.o
 .ARM.attributes
                0x000000b6       0x32 ./Core/Src/ILI9341_Touchscreen.o
 .ARM.attributes
                0x000000e8       0x32 ./Core/Src/adc.o
 .ARM.attributes
                0x0000011a       0x32 ./Core/Src/gpio.o
 .ARM.attributes
                0x0000014c       0x32 ./Core/Src/i2c.o
 .ARM.attributes
                0x0000017e       0x32 ./Core/Src/main.o
 .ARM.attributes
                0x000001b0       0x32 ./Core/Src/rng.o
 .ARM.attributes
                0x000001e2       0x32 ./Core/Src/spi.o
 .ARM.attributes
                0x00000214       0x32 ./Core/Src/stm32f7xx_hal_msp.o
 .ARM.attributes
                0x00000246       0x32 ./Core/Src/stm32f7xx_it.o
 .ARM.attributes
                0x00000278       0x32 ./Core/Src/sysmem.o
 .ARM.attributes
                0x000002aa       0x32 ./Core/Src/system_stm32f7xx.o
 .ARM.attributes
                0x000002dc       0x32 ./Core/Src/tim.o
 .ARM.attributes
                0x0000030e       0x21 ./Core/Startup/startup_stm32f767zitx.o
 .ARM.attributes
                0x0000032f       0x32 ./Drivers/STM32F7xx_HAL_Driver/Src/stm32f7xx_hal.o
 .ARM.attributes
                0x00000361       0x32 ./Drivers/STM32F7xx_HAL_Driver/Src/stm32f7xx_hal_adc.o
 .ARM.attributes
                0x00000393       0x32 ./Drivers/STM32F7xx_HAL_Driver/Src/stm32f7xx_hal_cortex.o
 .ARM.attributes
                0x000003c5       0x32 ./Drivers/STM32F7xx_HAL_Driver/Src/stm32f7xx_hal_gpio.o
 .ARM.attributes
                0x000003f7       0x32 ./Drivers/STM32F7xx_HAL_Driver/Src/stm32f7xx_hal_i2c.o
 .ARM.attributes
                0x00000429       0x32 ./Drivers/STM32F7xx_HAL_Driver/Src/stm32f7xx_hal_i2c_ex.o
 .ARM.attributes
                0x0000045b       0x32 ./Drivers/STM32F7xx_HAL_Driver/Src/stm32f7xx_hal_pwr_ex.o
 .ARM.attributes
                0x0000048d       0x32 ./Drivers/STM32F7xx_HAL_Driver/Src/stm32f7xx_hal_rcc.o
 .ARM.attributes
                0x000004bf       0x32 ./Drivers/STM32F7xx_HAL_Driver/Src/stm32f7xx_hal_rcc_ex.o
 .ARM.attributes
                0x000004f1       0x32 ./Drivers/STM32F7xx_HAL_Driver/Src/stm32f7xx_hal_rng.o
 .ARM.attributes
                0x00000523       0x32 ./Drivers/STM32F7xx_HAL_Driver/Src/stm32f7xx_hal_spi.o
 .ARM.attributes
                0x00000555       0x32 ./Drivers/STM32F7xx_HAL_Driver/Src/stm32f7xx_hal_tim.o
 .ARM.attributes
                0x00000587       0x32 ./Drivers/STM32F7xx_HAL_Driver/Src/stm32f7xx_hal_tim_ex.o
 .ARM.attributes
                0x000005b9       0x32 C:/ST/STM32CubeIDE_1.19.0/STM32CubeIDE/plugins/com.st.stm32cube.ide.mcu.externaltools.gnu-tools-for-stm32.13.3.rel1.win32_1.0.0.202411081344/tools/bin/../lib/gcc/arm-none-eabi/13.3.1/../../../../arm-none-eabi/lib/thumb/v7e-m+dp/hard\libc_nano.a(libc_a-findfp.o)
 .ARM.attributes
                0x000005eb       0x32 C:/ST/STM32CubeIDE_1.19.0/STM32CubeIDE/plugins/com.st.stm32cube.ide.mcu.externaltools.gnu-tools-for-stm32.13.3.rel1.win32_1.0.0.202411081344/tools/bin/../lib/gcc/arm-none-eabi/13.3.1/../../../../arm-none-eabi/lib/thumb/v7e-m+dp/hard\libc_nano.a(libc_a-sprintf.o)
 .ARM.attributes
                0x0000061d       0x32 C:/ST/STM32CubeIDE_1.19.0/STM32CubeIDE/plugins/com.st.stm32cube.ide.mcu.externaltools.gnu-tools-for-stm32.13.3.rel1.win32_1.0.0.202411081344/tools/bin/../lib/gcc/arm-none-eabi/13.3.1/../../../../arm-none-eabi/lib/thumb/v7e-m+dp/hard\libc_nano.a(libc_a-memset.o)
 .ARM.attributes
                0x0000064f       0x32 C:/ST/STM32CubeIDE_1.19.0/STM32CubeIDE/plugins/com.st.stm32cube.ide.mcu.externaltools.gnu-tools-for-stm32.13.3.rel1.win32_1.0.0.202411081344/tools/bin/../lib/gcc/arm-none-eabi/13.3.1/../../../../arm-none-eabi/lib/thumb/v7e-m+dp/hard\libc_nano.a(libc_a-reent.o)
 .ARM.attributes
                0x00000681       0x32 C:/ST/STM32CubeIDE_1.19.0/STM32CubeIDE/plugins/com.st.stm32cube.ide.mcu.externaltools.gnu-tools-for-stm32.13.3.rel1.win32_1.0.0.202411081344/tools/bin/../lib/gcc/arm-none-eabi/13.3.1/../../../../arm-none-eabi/lib/thumb/v7e-m+dp/hard\libc_nano.a(libc_a-impure.o)
 .ARM.attributes
                0x000006b3       0x32 C:/ST/STM32CubeIDE_1.19.0/STM32CubeIDE/plugins/com.st.stm32cube.ide.mcu.externaltools.gnu-tools-for-stm32.13.3.rel1.win32_1.0.0.202411081344/tools/bin/../lib/gcc/arm-none-eabi/13.3.1/../../../../arm-none-eabi/lib/thumb/v7e-m+dp/hard\libc_nano.a(libc_a-errno.o)
 .ARM.attributes
                0x000006e5       0x32 C:/ST/STM32CubeIDE_1.19.0/STM32CubeIDE/plugins/com.st.stm32cube.ide.mcu.externaltools.gnu-tools-for-stm32.13.3.rel1.win32_1.0.0.202411081344/tools/bin/../lib/gcc/arm-none-eabi/13.3.1/../../../../arm-none-eabi/lib/thumb/v7e-m+dp/hard\libc_nano.a(libc_a-init.o)
 .ARM.attributes
                0x00000717       0x32 C:/ST/STM32CubeIDE_1.19.0/STM32CubeIDE/plugins/com.st.stm32cube.ide.mcu.externaltools.gnu-tools-for-stm32.13.3.rel1.win32_1.0.0.202411081344/tools/bin/../lib/gcc/arm-none-eabi/13.3.1/../../../../arm-none-eabi/lib/thumb/v7e-m+dp/hard\libc_nano.a(libc_a-lock.o)
 .ARM.attributes
                0x00000749       0x32 C:/ST/STM32CubeIDE_1.19.0/STM32CubeIDE/plugins/com.st.stm32cube.ide.mcu.externaltools.gnu-tools-for-stm32.13.3.rel1.win32_1.0.0.202411081344/tools/bin/../lib/gcc/arm-none-eabi/13.3.1/../../../../arm-none-eabi/lib/thumb/v7e-m+dp/hard\libc_nano.a(libc_a-freer.o)
 .ARM.attributes
                0x0000077b       0x32 C:/ST/STM32CubeIDE_1.19.0/STM32CubeIDE/plugins/com.st.stm32cube.ide.mcu.externaltools.gnu-tools-for-stm32.13.3.rel1.win32_1.0.0.202411081344/tools/bin/../lib/gcc/arm-none-eabi/13.3.1/../../../../arm-none-eabi/lib/thumb/v7e-m+dp/hard\libc_nano.a(libc_a-mallocr.o)
 .ARM.attributes
                0x000007ad       0x32 C:/ST/STM32CubeIDE_1.19.0/STM32CubeIDE/plugins/com.st.stm32cube.ide.mcu.externaltools.gnu-tools-for-stm32.13.3.rel1.win32_1.0.0.202411081344/tools/bin/../lib/gcc/arm-none-eabi/13.3.1/../../../../arm-none-eabi/lib/thumb/v7e-m+dp/hard\libc_nano.a(libc_a-mlock.o)
 .ARM.attributes
                0x000007df       0x32 C:/ST/STM32CubeIDE_1.19.0/STM32CubeIDE/plugins/com.st.stm32cube.ide.mcu.externaltools.gnu-tools-for-stm32.13.3.rel1.win32_1.0.0.202411081344/tools/bin/../lib/gcc/arm-none-eabi/13.3.1/../../../../arm-none-eabi/lib/thumb/v7e-m+dp/hard\libc_nano.a(libc_a-nano-svfprintf.o)
 .ARM.attributes
                0x00000811       0x32 C:/ST/STM32CubeIDE_1.19.0/STM32CubeIDE/plugins/com.st.stm32cube.ide.mcu.externaltools.gnu-tools-for-stm32.13.3.rel1.win32_1.0.0.202411081344/tools/bin/../lib/gcc/arm-none-eabi/13.3.1/../../../../arm-none-eabi/lib/thumb/v7e-m+dp/hard\libc_nano.a(libc_a-nano-vfprintf_i.o)
 .ARM.attributes
                0x00000843       0x32 C:/ST/STM32CubeIDE_1.19.0/STM32CubeIDE/plugins/com.st.stm32cube.ide.mcu.externaltools.gnu-tools-for-stm32.13.3.rel1.win32_1.0.0.202411081344/tools/bin/../lib/gcc/arm-none-eabi/13.3.1/../../../../arm-none-eabi/lib/thumb/v7e-m+dp/hard\libc_nano.a(libc_a-memmove.o)
 .ARM.attributes
                0x00000875       0x32 C:/ST/STM32CubeIDE_1.19.0/STM32CubeIDE/plugins/com.st.stm32cube.ide.mcu.externaltools.gnu-tools-for-stm32.13.3.rel1.win32_1.0.0.202411081344/tools/bin/../lib/gcc/arm-none-eabi/13.3.1/../../../../arm-none-eabi/lib/thumb/v7e-m+dp/hard\libc_nano.a(libc_a-sbrkr.o)
 .ARM.attributes
                0x000008a7       0x1c C:/ST/STM32CubeIDE_1.19.0/STM32CubeIDE/plugins/com.st.stm32cube.ide.mcu.externaltools.gnu-tools-for-stm32.13.3.rel1.win32_1.0.0.202411081344/tools/bin/../lib/gcc/arm-none-eabi/13.3.1/../../../../arm-none-eabi/lib/thumb/v7e-m+dp/hard\libc_nano.a(libc_a-memchr.o)
 .ARM.attributes
                0x000008c3       0x32 C:/ST/STM32CubeIDE_1.19.0/STM32CubeIDE/plugins/com.st.stm32cube.ide.mcu.externaltools.gnu-tools-for-stm32.13.3.rel1.win32_1.0.0.202411081344/tools/bin/../lib/gcc/arm-none-eabi/13.3.1/../../../../arm-none-eabi/lib/thumb/v7e-m+dp/hard\libc_nano.a(libc_a-memcpy-stub.o)
 .ARM.attributes
                0x000008f5       0x32 C:/ST/STM32CubeIDE_1.19.0/STM32CubeIDE/plugins/com.st.stm32cube.ide.mcu.externaltools.gnu-tools-for-stm32.13.3.rel1.win32_1.0.0.202411081344/tools/bin/../lib/gcc/arm-none-eabi/13.3.1/../../../../arm-none-eabi/lib/thumb/v7e-m+dp/hard\libc_nano.a(libc_a-reallocr.o)
 .ARM.attributes
                0x00000927       0x32 C:/ST/STM32CubeIDE_1.19.0/STM32CubeIDE/plugins/com.st.stm32cube.ide.mcu.externaltools.gnu-tools-for-stm32.13.3.rel1.win32_1.0.0.202411081344/tools/bin/../lib/gcc/arm-none-eabi/13.3.1/../../../../arm-none-eabi/lib/thumb/v7e-m+dp/hard\libc_nano.a(libc_a-msizer.o)
 .ARM.attributes
                0x00000959       0x20 C:/ST/STM32CubeIDE_1.19.0/STM32CubeIDE/plugins/com.st.stm32cube.ide.mcu.externaltools.gnu-tools-for-stm32.13.3.rel1.win32_1.0.0.202411081344/tools/bin/../lib/gcc/arm-none-eabi/13.3.1/thumb/v7e-m+dp/hard\libgcc.a(_aeabi_uldivmod.o)
 .ARM.attributes
                0x00000979       0x32 C:/ST/STM32CubeIDE_1.19.0/STM32CubeIDE/plugins/com.st.stm32cube.ide.mcu.externaltools.gnu-tools-for-stm32.13.3.rel1.win32_1.0.0.202411081344/tools/bin/../lib/gcc/arm-none-eabi/13.3.1/thumb/v7e-m+dp/hard\libgcc.a(_udivmoddi4.o)
 .ARM.attributes
                0x000009ab       0x20 C:/ST/STM32CubeIDE_1.19.0/STM32CubeIDE/plugins/com.st.stm32cube.ide.mcu.externaltools.gnu-tools-for-stm32.13.3.rel1.win32_1.0.0.202411081344/tools/bin/../lib/gcc/arm-none-eabi/13.3.1/thumb/v7e-m+dp/hard\libgcc.a(_dvmd_tls.o)
 .ARM.attributes
                0x000009cb       0x20 C:/ST/STM32CubeIDE_1.19.0/STM32CubeIDE/plugins/com.st.stm32cube.ide.mcu.externaltools.gnu-tools-for-stm32.13.3.rel1.win32_1.0.0.202411081344/tools/bin/../lib/gcc/arm-none-eabi/13.3.1/thumb/v7e-m+dp/hard/crtn.o
OUTPUT(projectMicrocon.elf elf32-littlearm)
LOAD linker stubs
LOAD C:/ST/STM32CubeIDE_1.19.0/STM32CubeIDE/plugins/com.st.stm32cube.ide.mcu.externaltools.gnu-tools-for-stm32.13.3.rel1.win32_1.0.0.202411081344/tools/bin/../lib/gcc/arm-none-eabi/13.3.1/../../../../arm-none-eabi/lib/thumb/v7e-m+dp/hard\libc.a
LOAD C:/ST/STM32CubeIDE_1.19.0/STM32CubeIDE/plugins/com.st.stm32cube.ide.mcu.externaltools.gnu-tools-for-stm32.13.3.rel1.win32_1.0.0.202411081344/tools/bin/../lib/gcc/arm-none-eabi/13.3.1/../../../../arm-none-eabi/lib/thumb/v7e-m+dp/hard\libm.a
LOAD C:/ST/STM32CubeIDE_1.19.0/STM32CubeIDE/plugins/com.st.stm32cube.ide.mcu.externaltools.gnu-tools-for-stm32.13.3.rel1.win32_1.0.0.202411081344/tools/bin/../lib/gcc/arm-none-eabi/13.3.1/thumb/v7e-m+dp/hard\libgcc.a

.debug_info     0x00000000    0x1430a
 .debug_info    0x00000000      0xd98 ./Core/Src/ILI9341_GFX.o
 .debug_info    0x00000d98      0xb1a ./Core/Src/ILI9341_STM32_Driver.o
 .debug_info    0x000018b2      0x2d5 ./Core/Src/ILI9341_Touchscreen.o
 .debug_info    0x00001b87      0x9b9 ./Core/Src/adc.o
 .debug_info    0x00002540      0x465 ./Core/Src/gpio.o
 .debug_info    0x000029a5      0xd0e ./Core/Src/i2c.o
 .debug_info    0x000036b3     0x18a7 ./Core/Src/main.o
 .debug_info    0x00004f5a      0x66d ./Core/Src/rng.o
 .debug_info    0x000055c7      0x998 ./Core/Src/spi.o
 .debug_info    0x00005f5f      0x28d ./Core/Src/stm32f7xx_hal_msp.o
 .debug_info    0x000061ec      0x112 ./Core/Src/stm32f7xx_it.o
 .debug_info    0x000062fe      0x168 ./Core/Src/sysmem.o
 .debug_info    0x00006466      0x6ed ./Core/Src/system_stm32f7xx.o
 .debug_info    0x00006b53      0xa2e ./Core/Src/tim.o
 .debug_info    0x00007581       0x30 ./Core/Startup/startup_stm32f767zitx.o
 .debug_info    0x000075b1      0xac3 ./Drivers/STM32F7xx_HAL_Driver/Src/stm32f7xx_hal.o
 .debug_info    0x00008074      0xc92 ./Drivers/STM32F7xx_HAL_Driver/Src/stm32f7xx_hal_adc.o
 .debug_info    0x00008d06      0xfc0 ./Drivers/STM32F7xx_HAL_Driver/Src/stm32f7xx_hal_cortex.o
 .debug_info    0x00009cc6      0x6f3 ./Drivers/STM32F7xx_HAL_Driver/Src/stm32f7xx_hal_gpio.o
 .debug_info    0x0000a3b9     0x2147 ./Drivers/STM32F7xx_HAL_Driver/Src/stm32f7xx_hal_i2c.o
 .debug_info    0x0000c500      0x92e ./Drivers/STM32F7xx_HAL_Driver/Src/stm32f7xx_hal_i2c_ex.o
 .debug_info    0x0000ce2e      0x8cd ./Drivers/STM32F7xx_HAL_Driver/Src/stm32f7xx_hal_pwr_ex.o
 .debug_info    0x0000d6fb      0x94b ./Drivers/STM32F7xx_HAL_Driver/Src/stm32f7xx_hal_rcc.o
 .debug_info    0x0000e046      0x6e1 ./Drivers/STM32F7xx_HAL_Driver/Src/stm32f7xx_hal_rcc_ex.o
 .debug_info    0x0000e727      0x493 ./Drivers/STM32F7xx_HAL_Driver/Src/stm32f7xx_hal_rng.o
 .debug_info    0x0000ebba     0x15c0 ./Drivers/STM32F7xx_HAL_Driver/Src/stm32f7xx_hal_spi.o
 .debug_info    0x0001017a     0x2ad5 ./Drivers/STM32F7xx_HAL_Driver/Src/stm32f7xx_hal_tim.o
 .debug_info    0x00012c4f     0x16bb ./Drivers/STM32F7xx_HAL_Driver/Src/stm32f7xx_hal_tim_ex.o

.debug_abbrev   0x00000000     0x3628
 .debug_abbrev  0x00000000      0x268 ./Core/Src/ILI9341_GFX.o
 .debug_abbrev  0x00000268      0x281 ./Core/Src/ILI9341_STM32_Driver.o
 .debug_abbrev  0x000004e9      0x196 ./Core/Src/ILI9341_Touchscreen.o
 .debug_abbrev  0x0000067f      0x1f3 ./Core/Src/adc.o
 .debug_abbrev  0x00000872      0x152 ./Core/Src/gpio.o
 .debug_abbrev  0x000009c4      0x257 ./Core/Src/i2c.o
 .debug_abbrev  0x00000c1b      0x432 ./Core/Src/main.o
 .debug_abbrev  0x0000104d      0x1b6 ./Core/Src/rng.o
 .debug_abbrev  0x00001203      0x1fa ./Core/Src/spi.o
 .debug_abbrev  0x000013fd       0xd8 ./Core/Src/stm32f7xx_hal_msp.o
 .debug_abbrev  0x000014d5       0x73 ./Core/Src/stm32f7xx_it.o
 .debug_abbrev  0x00001548       0xbc ./Core/Src/sysmem.o
 .debug_abbrev  0x00001604      0x13b ./Core/Src/system_stm32f7xx.o
 .debug_abbrev  0x0000173f      0x1d8 ./Core/Src/tim.o
 .debug_abbrev  0x00001917       0x24 ./Core/Startup/startup_stm32f767zitx.o
 .debug_abbrev  0x0000193b      0x213 ./Drivers/STM32F7xx_HAL_Driver/Src/stm32f7xx_hal.o
 .debug_abbrev  0x00001b4e      0x252 ./Drivers/STM32F7xx_HAL_Driver/Src/stm32f7xx_hal_adc.o
 .debug_abbrev  0x00001da0      0x31e ./Drivers/STM32F7xx_HAL_Driver/Src/stm32f7xx_hal_cortex.o
 .debug_abbrev  0x000020be      0x1d4 ./Drivers/STM32F7xx_HAL_Driver/Src/stm32f7xx_hal_gpio.o
 .debug_abbrev  0x00002292      0x260 ./Drivers/STM32F7xx_HAL_Driver/Src/stm32f7xx_hal_i2c.o
 .debug_abbrev  0x000024f2      0x19c ./Drivers/STM32F7xx_HAL_Driver/Src/stm32f7xx_hal_i2c_ex.o
 .debug_abbrev  0x0000268e      0x1d5 ./Drivers/STM32F7xx_HAL_Driver/Src/stm32f7xx_hal_pwr_ex.o
 .debug_abbrev  0x00002863      0x2de ./Drivers/STM32F7xx_HAL_Driver/Src/stm32f7xx_hal_rcc.o
 .debug_abbrev  0x00002b41      0x1c9 ./Drivers/STM32F7xx_HAL_Driver/Src/stm32f7xx_hal_rcc_ex.o
 .debug_abbrev  0x00002d0a      0x1c4 ./Drivers/STM32F7xx_HAL_Driver/Src/stm32f7xx_hal_rng.o
 .debug_abbrev  0x00002ece      0x25f ./Drivers/STM32F7xx_HAL_Driver/Src/stm32f7xx_hal_spi.o
 .debug_abbrev  0x0000312d      0x278 ./Drivers/STM32F7xx_HAL_Driver/Src/stm32f7xx_hal_tim.o
 .debug_abbrev  0x000033a5      0x283 ./Drivers/STM32F7xx_HAL_Driver/Src/stm32f7xx_hal_tim_ex.o

.debug_aranges  0x00000000     0x1350
 .debug_aranges
                0x00000000       0x50 ./Core/Src/ILI9341_GFX.o
 .debug_aranges
                0x00000050       0x98 ./Core/Src/ILI9341_STM32_Driver.o
 .debug_aranges
                0x000000e8       0x38 ./Core/Src/ILI9341_Touchscreen.o
 .debug_aranges
                0x00000120       0x30 ./Core/Src/adc.o
 .debug_aranges
                0x00000150       0x20 ./Core/Src/gpio.o
 .debug_aranges
                0x00000170       0x40 ./Core/Src/i2c.o
 .debug_aranges
                0x000001b0       0xb8 ./Core/Src/main.o
 .debug_aranges
                0x00000268       0x30 ./Core/Src/rng.o
 .debug_aranges
                0x00000298       0x30 ./Core/Src/spi.o
 .debug_aranges
                0x000002c8       0x20 ./Core/Src/stm32f7xx_hal_msp.o
 .debug_aranges
                0x000002e8       0x60 ./Core/Src/stm32f7xx_it.o
 .debug_aranges
                0x00000348       0x20 ./Core/Src/sysmem.o
 .debug_aranges
                0x00000368       0x28 ./Core/Src/system_stm32f7xx.o
 .debug_aranges
                0x00000390       0x30 ./Core/Src/tim.o
 .debug_aranges
                0x000003c0       0x28 ./Core/Startup/startup_stm32f767zitx.o
 .debug_aranges
                0x000003e8      0x110 ./Drivers/STM32F7xx_HAL_Driver/Src/stm32f7xx_hal.o
 .debug_aranges
                0x000004f8       0xe8 ./Drivers/STM32F7xx_HAL_Driver/Src/stm32f7xx_hal_adc.o
 .debug_aranges
                0x000005e0      0x128 ./Drivers/STM32F7xx_HAL_Driver/Src/stm32f7xx_hal_cortex.o
 .debug_aranges
                0x00000708       0x58 ./Drivers/STM32F7xx_HAL_Driver/Src/stm32f7xx_hal_gpio.o
 .debug_aranges
                0x00000760      0x2a0 ./Drivers/STM32F7xx_HAL_Driver/Src/stm32f7xx_hal_i2c.o
 .debug_aranges
                0x00000a00       0x38 ./Drivers/STM32F7xx_HAL_Driver/Src/stm32f7xx_hal_i2c_ex.o
 .debug_aranges
                0x00000a38       0x80 ./Drivers/STM32F7xx_HAL_Driver/Src/stm32f7xx_hal_pwr_ex.o
 .debug_aranges
                0x00000ab8       0x88 ./Drivers/STM32F7xx_HAL_Driver/Src/stm32f7xx_hal_rcc.o
 .debug_aranges
                0x00000b40       0x50 ./Drivers/STM32F7xx_HAL_Driver/Src/stm32f7xx_hal_rcc_ex.o
 .debug_aranges
                0x00000b90       0x88 ./Drivers/STM32F7xx_HAL_Driver/Src/stm32f7xx_hal_rng.o
 .debug_aranges
                0x00000c18      0x1d8 ./Drivers/STM32F7xx_HAL_Driver/Src/stm32f7xx_hal_spi.o
 .debug_aranges
                0x00000df0      0x3e0 ./Drivers/STM32F7xx_HAL_Driver/Src/stm32f7xx_hal_tim.o
 .debug_aranges
                0x000011d0      0x180 ./Drivers/STM32F7xx_HAL_Driver/Src/stm32f7xx_hal_tim_ex.o

.debug_rnglists
                0x00000000      0xee8
 .debug_rnglists
                0x00000000       0x3d ./Core/Src/ILI9341_GFX.o
 .debug_rnglists
                0x0000003d       0x75 ./Core/Src/ILI9341_STM32_Driver.o
 .debug_rnglists
                0x000000b2       0x26 ./Core/Src/ILI9341_Touchscreen.o
 .debug_rnglists
                0x000000d8       0x21 ./Core/Src/adc.o
 .debug_rnglists
                0x000000f9       0x14 ./Core/Src/gpio.o
 .debug_rnglists
                0x0000010d       0x30 ./Core/Src/i2c.o
 .debug_rnglists
                0x0000013d       0x8f ./Core/Src/main.o
 .debug_rnglists
                0x000001cc       0x1f ./Core/Src/rng.o
 .debug_rnglists
                0x000001eb       0x20 ./Core/Src/spi.o
 .debug_rnglists
                0x0000020b       0x13 ./Core/Src/stm32f7xx_hal_msp.o
 .debug_rnglists
                0x0000021e       0x43 ./Core/Src/stm32f7xx_it.o
 .debug_rnglists
                0x00000261       0x13 ./Core/Src/sysmem.o
 .debug_rnglists
                0x00000274       0x1a ./Core/Src/system_stm32f7xx.o
 .debug_rnglists
                0x0000028e       0x20 ./Core/Src/tim.o
 .debug_rnglists
                0x000002ae       0x19 ./Core/Startup/startup_stm32f767zitx.o
 .debug_rnglists
                0x000002c7       0xc7 ./Drivers/STM32F7xx_HAL_Driver/Src/stm32f7xx_hal.o
 .debug_rnglists
                0x0000038e       0xb5 ./Drivers/STM32F7xx_HAL_Driver/Src/stm32f7xx_hal_adc.o
 .debug_rnglists
                0x00000443       0xda ./Drivers/STM32F7xx_HAL_Driver/Src/stm32f7xx_hal_cortex.o
 .debug_rnglists
                0x0000051d       0x3f ./Drivers/STM32F7xx_HAL_Driver/Src/stm32f7xx_hal_gpio.o
 .debug_rnglists
                0x0000055c      0x228 ./Drivers/STM32F7xx_HAL_Driver/Src/stm32f7xx_hal_i2c.o
 .debug_rnglists
                0x00000784       0x27 ./Drivers/STM32F7xx_HAL_Driver/Src/stm32f7xx_hal_i2c_ex.o
 .debug_rnglists
                0x000007ab       0x5f ./Drivers/STM32F7xx_HAL_Driver/Src/stm32f7xx_hal_pwr_ex.o
 .debug_rnglists
                0x0000080a       0x67 ./Drivers/STM32F7xx_HAL_Driver/Src/stm32f7xx_hal_rcc.o
 .debug_rnglists
                0x00000871       0x3c ./Drivers/STM32F7xx_HAL_Driver/Src/stm32f7xx_hal_rcc_ex.o
 .debug_rnglists
                0x000008ad       0x63 ./Drivers/STM32F7xx_HAL_Driver/Src/stm32f7xx_hal_rng.o
 .debug_rnglists
                0x00000910      0x178 ./Drivers/STM32F7xx_HAL_Driver/Src/stm32f7xx_hal_spi.o
 .debug_rnglists
                0x00000a88      0x328 ./Drivers/STM32F7xx_HAL_Driver/Src/stm32f7xx_hal_tim.o
 .debug_rnglists
                0x00000db0      0x138 ./Drivers/STM32F7xx_HAL_Driver/Src/stm32f7xx_hal_tim_ex.o

.debug_macro    0x00000000    0x29ad5
 .debug_macro   0x00000000      0x23b ./Core/Src/ILI9341_GFX.o
 .debug_macro   0x0000023b      0xaf0 ./Core/Src/ILI9341_GFX.o
 .debug_macro   0x00000d2b      0x29f ./Core/Src/ILI9341_GFX.o
 .debug_macro   0x00000fca       0x2e ./Core/Src/ILI9341_GFX.o
 .debug_macro   0x00000ff8       0x3b ./Core/Src/ILI9341_GFX.o
 .debug_macro   0x00001033       0x22 ./Core/Src/ILI9341_GFX.o
 .debug_macro   0x00001055       0x8e ./Core/Src/ILI9341_GFX.o
 .debug_macro   0x000010e3       0x51 ./Core/Src/ILI9341_GFX.o
 .debug_macro   0x00001134      0x103 ./Core/Src/ILI9341_GFX.o
 .debug_macro   0x00001237       0x6a ./Core/Src/ILI9341_GFX.o
 .debug_macro   0x000012a1      0x1df ./Core/Src/ILI9341_GFX.o
 .debug_macro   0x00001480       0x1c ./Core/Src/ILI9341_GFX.o
 .debug_macro   0x0000149c       0x22 ./Core/Src/ILI9341_GFX.o
 .debug_macro   0x000014be       0xd9 ./Core/Src/ILI9341_GFX.o
 .debug_macro   0x00001597     0x12cd ./Core/Src/ILI9341_GFX.o
 .debug_macro   0x00002864      0x11f ./Core/Src/ILI9341_GFX.o
 .debug_macro   0x00002983       0x19 ./Core/Src/ILI9341_GFX.o
 .debug_macro   0x0000299c    0x1aa23 ./Core/Src/ILI9341_GFX.o
 .debug_macro   0x0001d3bf       0x6d ./Core/Src/ILI9341_GFX.o
 .debug_macro   0x0001d42c     0x375e ./Core/Src/ILI9341_GFX.o
 .debug_macro   0x00020b8a      0x190 ./Core/Src/ILI9341_GFX.o
 .debug_macro   0x00020d1a       0x63 ./Core/Src/ILI9341_GFX.o
 .debug_macro   0x00020d7d     0x1add ./Core/Src/ILI9341_GFX.o
 .debug_macro   0x0002285a      0x6c4 ./Core/Src/ILI9341_GFX.o
 .debug_macro   0x00022f1e      0x18b ./Core/Src/ILI9341_GFX.o
 .debug_macro   0x000230a9      0x115 ./Core/Src/ILI9341_GFX.o
 .debug_macro   0x000231be      0x26e ./Core/Src/ILI9341_GFX.o
 .debug_macro   0x0002342c       0xa5 ./Core/Src/ILI9341_GFX.o
 .debug_macro   0x000234d1      0x24f ./Core/Src/ILI9341_GFX.o
 .debug_macro   0x00023720       0x71 ./Core/Src/ILI9341_GFX.o
 .debug_macro   0x00023791       0x58 ./Core/Src/ILI9341_GFX.o
 .debug_macro   0x000237e9      0x236 ./Core/Src/ILI9341_GFX.o
 .debug_macro   0x00023a1f      0x416 ./Core/Src/ILI9341_GFX.o
 .debug_macro   0x00023e35      0x153 ./Core/Src/ILI9341_GFX.o
 .debug_macro   0x00023f88      0x107 ./Core/Src/ILI9341_GFX.o
 .debug_macro   0x0002408f      0x14e ./Core/Src/ILI9341_GFX.o
 .debug_macro   0x000241dd      0x3db ./Core/Src/ILI9341_GFX.o
 .debug_macro   0x000245b8       0x12 ./Core/Src/ILI9341_GFX.o
 .debug_macro   0x000245ca      0x22c ./Core/Src/ILI9341_GFX.o
 .debug_macro   0x000247f6       0x61 ./Core/Src/ILI9341_GFX.o
 .debug_macro   0x00024857       0xa5 ./Core/Src/ILI9341_GFX.o
 .debug_macro   0x000248fc      0x12e ./Core/Src/ILI9341_GFX.o
 .debug_macro   0x00024a2a      0x108 ./Core/Src/ILI9341_GFX.o
 .debug_macro   0x00024b32       0x35 ./Core/Src/ILI9341_GFX.o
 .debug_macro   0x00024b67       0xa4 ./Core/Src/ILI9341_GFX.o
 .debug_macro   0x00024c0b      0x2fe ./Core/Src/ILI9341_GFX.o
 .debug_macro   0x00024f09      0xa91 ./Core/Src/ILI9341_GFX.o
 .debug_macro   0x0002599a       0xa9 ./Core/Src/ILI9341_GFX.o
 .debug_macro   0x00025a43      0x15b ./Core/Src/ILI9341_GFX.o
 .debug_macro   0x00025b9e       0xd0 ./Core/Src/ILI9341_GFX.o
 .debug_macro   0x00025c6e       0x16 ./Core/Src/ILI9341_GFX.o
 .debug_macro   0x00025c84       0x16 ./Core/Src/ILI9341_GFX.o
 .debug_macro   0x00025c9a       0xa6 ./Core/Src/ILI9341_GFX.o
 .debug_macro   0x00025d40      0x233 ./Core/Src/ILI9341_STM32_Driver.o
 .debug_macro   0x00025f73      0x21f ./Core/Src/ILI9341_Touchscreen.o
 .debug_macro   0x00026192       0xa0 ./Core/Src/ILI9341_Touchscreen.o
 .debug_macro   0x00026232       0x95 ./Core/Src/ILI9341_Touchscreen.o
 .debug_macro   0x000262c7      0x220 ./Core/Src/adc.o
 .debug_macro   0x000264e7      0x220 ./Core/Src/gpio.o
 .debug_macro   0x00026707      0x220 ./Core/Src/i2c.o
 .debug_macro   0x00026927      0x383 ./Core/Src/main.o
 .debug_macro   0x00026caa       0xd6 ./Core/Src/main.o
 .debug_macro   0x00026d80       0x1c ./Core/Src/main.o
 .debug_macro   0x00026d9c       0x10 ./Core/Src/main.o
 .debug_macro   0x00026dac       0x1c ./Core/Src/main.o
 .debug_macro   0x00026dc8       0x16 ./Core/Src/main.o
 .debug_macro   0x00026dde      0x146 ./Core/Src/main.o
 .debug_macro   0x00026f24       0x22 ./Core/Src/main.o
 .debug_macro   0x00026f46      0x220 ./Core/Src/rng.o
 .debug_macro   0x00027166      0x220 ./Core/Src/spi.o
 .debug_macro   0x00027386      0x216 ./Core/Src/stm32f7xx_hal_msp.o
 .debug_macro   0x0002759c      0x220 ./Core/Src/stm32f7xx_it.o
 .debug_macro   0x000277bc      0x112 ./Core/Src/sysmem.o
 .debug_macro   0x000278ce      0x23c ./Core/Src/sysmem.o
 .debug_macro   0x00027b0a      0x207 ./Core/Src/system_stm32f7xx.o
 .debug_macro   0x00027d11      0x220 ./Core/Src/tim.o
 .debug_macro   0x00027f31      0x22b ./Drivers/STM32F7xx_HAL_Driver/Src/stm32f7xx_hal.o
 .debug_macro   0x0002815c      0x208 ./Drivers/STM32F7xx_HAL_Driver/Src/stm32f7xx_hal_adc.o
 .debug_macro   0x00028364      0x207 ./Drivers/STM32F7xx_HAL_Driver/Src/stm32f7xx_hal_cortex.o
 .debug_macro   0x0002856b      0x20d ./Drivers/STM32F7xx_HAL_Driver/Src/stm32f7xx_hal_gpio.o
 .debug_macro   0x00028778      0x2d3 ./Drivers/STM32F7xx_HAL_Driver/Src/stm32f7xx_hal_i2c.o
 .debug_macro   0x00028a4b      0x207 ./Drivers/STM32F7xx_HAL_Driver/Src/stm32f7xx_hal_i2c_ex.o
 .debug_macro   0x00028c52      0x21f ./Drivers/STM32F7xx_HAL_Driver/Src/stm32f7xx_hal_pwr_ex.o
 .debug_macro   0x00028e71      0x22b ./Drivers/STM32F7xx_HAL_Driver/Src/stm32f7xx_hal_rcc.o
 .debug_macro   0x0002909c      0x207 ./Drivers/STM32F7xx_HAL_Driver/Src/stm32f7xx_hal_rcc_ex.o
 .debug_macro   0x000292a3      0x20d ./Drivers/STM32F7xx_HAL_Driver/Src/stm32f7xx_hal_rng.o
 .debug_macro   0x000294b0      0x216 ./Drivers/STM32F7xx_HAL_Driver/Src/stm32f7xx_hal_spi.o
 .debug_macro   0x000296c6      0x208 ./Drivers/STM32F7xx_HAL_Driver/Src/stm32f7xx_hal_tim.o
 .debug_macro   0x000298ce      0x207 ./Drivers/STM32F7xx_HAL_Driver/Src/stm32f7xx_hal_tim_ex.o

.debug_line     0x00000000    0x1a626
 .debug_line    0x00000000      0xb92 ./Core/Src/ILI9341_GFX.o
 .debug_line    0x00000b92      0xb24 ./Core/Src/ILI9341_STM32_Driver.o
 .debug_line    0x000016b6      0x8fc ./Core/Src/ILI9341_Touchscreen.o
 .debug_line    0x00001fb2      0x83f ./Core/Src/adc.o
 .debug_line    0x000027f1      0x811 ./Core/Src/gpio.o
 .debug_line    0x00003002      0x997 ./Core/Src/i2c.o
 .debug_line    0x00003999      0xf67 ./Core/Src/main.o
 .debug_line    0x00004900      0x80f ./Core/Src/rng.o
 .debug_line    0x0000510f      0x834 ./Core/Src/spi.o
 .debug_line    0x00005943      0x7b7 ./Core/Src/stm32f7xx_hal_msp.o
 .debug_line    0x000060fa      0x866 ./Core/Src/stm32f7xx_it.o
 .debug_line    0x00006960      0x588 ./Core/Src/sysmem.o
 .debug_line    0x00006ee8      0x82b ./Core/Src/system_stm32f7xx.o
 .debug_line    0x00007713      0x832 ./Core/Src/tim.o
 .debug_line    0x00007f45       0x7a ./Core/Startup/startup_stm32f767zitx.o
 .debug_line    0x00007fbf      0xb0e ./Drivers/STM32F7xx_HAL_Driver/Src/stm32f7xx_hal.o
 .debug_line    0x00008acd     0x12a3 ./Drivers/STM32F7xx_HAL_Driver/Src/stm32f7xx_hal_adc.o
 .debug_line    0x00009d70      0xd5e ./Drivers/STM32F7xx_HAL_Driver/Src/stm32f7xx_hal_cortex.o
 .debug_line    0x0000aace      0xc38 ./Drivers/STM32F7xx_HAL_Driver/Src/stm32f7xx_hal_gpio.o
 .debug_line    0x0000b706     0x3815 ./Drivers/STM32F7xx_HAL_Driver/Src/stm32f7xx_hal_i2c.o
 .debug_line    0x0000ef1b      0x889 ./Drivers/STM32F7xx_HAL_Driver/Src/stm32f7xx_hal_i2c_ex.o
 .debug_line    0x0000f7a4      0xaae ./Drivers/STM32F7xx_HAL_Driver/Src/stm32f7xx_hal_pwr_ex.o
 .debug_line    0x00010252     0x1013 ./Drivers/STM32F7xx_HAL_Driver/Src/stm32f7xx_hal_rcc.o
 .debug_line    0x00011265      0xf61 ./Drivers/STM32F7xx_HAL_Driver/Src/stm32f7xx_hal_rcc_ex.o
 .debug_line    0x000121c6      0xa1f ./Drivers/STM32F7xx_HAL_Driver/Src/stm32f7xx_hal_rng.o
 .debug_line    0x00012be5     0x20e4 ./Drivers/STM32F7xx_HAL_Driver/Src/stm32f7xx_hal_spi.o
 .debug_line    0x00014cc9     0x3d79 ./Drivers/STM32F7xx_HAL_Driver/Src/stm32f7xx_hal_tim.o
 .debug_line    0x00018a42     0x1be4 ./Drivers/STM32F7xx_HAL_Driver/Src/stm32f7xx_hal_tim_ex.o

.debug_str      0x00000000   0x10010d
 .debug_str     0x00000000   0x10010d ./Core/Src/ILI9341_GFX.o
                              0xf7147 (size before relaxing)
 .debug_str     0x0010010d    0xf710c ./Core/Src/ILI9341_STM32_Driver.o
 .debug_str     0x0010010d    0xf6a35 ./Core/Src/ILI9341_Touchscreen.o
 .debug_str     0x0010010d    0xf6dac ./Core/Src/adc.o
 .debug_str     0x0010010d    0xf693a ./Core/Src/gpio.o
 .debug_str     0x0010010d    0xf71a8 ./Core/Src/i2c.o
 .debug_str     0x0010010d    0xfb157 ./Core/Src/main.o
 .debug_str     0x0010010d    0xf6cb1 ./Core/Src/rng.o
 .debug_str     0x0010010d    0xf6de1 ./Core/Src/spi.o
 .debug_str     0x0010010d    0xf686f ./Core/Src/stm32f7xx_hal_msp.o
 .debug_str     0x0010010d    0xf67d8 ./Core/Src/stm32f7xx_it.o
 .debug_str     0x0010010d     0x77c5 ./Core/Src/sysmem.o
 .debug_str     0x0010010d    0xf67b0 ./Core/Src/system_stm32f7xx.o
 .debug_str     0x0010010d    0xf6f67 ./Core/Src/tim.o
 .debug_str     0x0010010d       0x7e ./Core/Startup/startup_stm32f767zitx.o
 .debug_str     0x0010010d    0xf7218 ./Drivers/STM32F7xx_HAL_Driver/Src/stm32f7xx_hal.o
 .debug_str     0x0010010d    0xf6cb0 ./Drivers/STM32F7xx_HAL_Driver/Src/stm32f7xx_hal_adc.o
 .debug_str     0x0010010d    0xf71d2 ./Drivers/STM32F7xx_HAL_Driver/Src/stm32f7xx_hal_cortex.o
 .debug_str     0x0010010d    0xf686e ./Drivers/STM32F7xx_HAL_Driver/Src/stm32f7xx_hal_gpio.o
 .debug_str     0x0010010d    0xf79c3 ./Drivers/STM32F7xx_HAL_Driver/Src/stm32f7xx_hal_i2c.o
 .debug_str     0x0010010d    0xf6c42 ./Drivers/STM32F7xx_HAL_Driver/Src/stm32f7xx_hal_i2c_ex.o
 .debug_str     0x0010010d    0xf6a1f ./Drivers/STM32F7xx_HAL_Driver/Src/stm32f7xx_hal_pwr_ex.o
 .debug_str     0x0010010d    0xf6b2b ./Drivers/STM32F7xx_HAL_Driver/Src/stm32f7xx_hal_rcc.o
 .debug_str     0x0010010d    0xf6a8e ./Drivers/STM32F7xx_HAL_Driver/Src/stm32f7xx_hal_rcc_ex.o
 .debug_str     0x0010010d    0xf67ca ./Drivers/STM32F7xx_HAL_Driver/Src/stm32f7xx_hal_rng.o
 .debug_str     0x0010010d    0xf6fea ./Drivers/STM32F7xx_HAL_Driver/Src/stm32f7xx_hal_spi.o
 .debug_str     0x0010010d    0xf7ad3 ./Drivers/STM32F7xx_HAL_Driver/Src/stm32f7xx_hal_tim.o
 .debug_str     0x0010010d    0xf73d9 ./Drivers/STM32F7xx_HAL_Driver/Src/stm32f7xx_hal_tim_ex.o

.comment        0x00000000       0x43
 .comment       0x00000000       0x43 ./Core/Src/ILI9341_GFX.o
                                 0x44 (size before relaxing)
 .comment       0x00000043       0x44 ./Core/Src/ILI9341_STM32_Driver.o
 .comment       0x00000043       0x44 ./Core/Src/ILI9341_Touchscreen.o
 .comment       0x00000043       0x44 ./Core/Src/adc.o
 .comment       0x00000043       0x44 ./Core/Src/gpio.o
 .comment       0x00000043       0x44 ./Core/Src/i2c.o
 .comment       0x00000043       0x44 ./Core/Src/main.o
 .comment       0x00000043       0x44 ./Core/Src/rng.o
 .comment       0x00000043       0x44 ./Core/Src/spi.o
 .comment       0x00000043       0x44 ./Core/Src/stm32f7xx_hal_msp.o
 .comment       0x00000043       0x44 ./Core/Src/stm32f7xx_it.o
 .comment       0x00000043       0x44 ./Core/Src/sysmem.o
 .comment       0x00000043       0x44 ./Core/Src/system_stm32f7xx.o
 .comment       0x00000043       0x44 ./Core/Src/tim.o
 .comment       0x00000043       0x44 ./Drivers/STM32F7xx_HAL_Driver/Src/stm32f7xx_hal.o
 .comment       0x00000043       0x44 ./Drivers/STM32F7xx_HAL_Driver/Src/stm32f7xx_hal_adc.o
 .comment       0x00000043       0x44 ./Drivers/STM32F7xx_HAL_Driver/Src/stm32f7xx_hal_cortex.o
 .comment       0x00000043       0x44 ./Drivers/STM32F7xx_HAL_Driver/Src/stm32f7xx_hal_gpio.o
 .comment       0x00000043       0x44 ./Drivers/STM32F7xx_HAL_Driver/Src/stm32f7xx_hal_i2c.o
 .comment       0x00000043       0x44 ./Drivers/STM32F7xx_HAL_Driver/Src/stm32f7xx_hal_i2c_ex.o
 .comment       0x00000043       0x44 ./Drivers/STM32F7xx_HAL_Driver/Src/stm32f7xx_hal_pwr_ex.o
 .comment       0x00000043       0x44 ./Drivers/STM32F7xx_HAL_Driver/Src/stm32f7xx_hal_rcc.o
 .comment       0x00000043       0x44 ./Drivers/STM32F7xx_HAL_Driver/Src/stm32f7xx_hal_rcc_ex.o
 .comment       0x00000043       0x44 ./Drivers/STM32F7xx_HAL_Driver/Src/stm32f7xx_hal_rng.o
 .comment       0x00000043       0x44 ./Drivers/STM32F7xx_HAL_Driver/Src/stm32f7xx_hal_spi.o
 .comment       0x00000043       0x44 ./Drivers/STM32F7xx_HAL_Driver/Src/stm32f7xx_hal_tim.o
 .comment       0x00000043       0x44 ./Drivers/STM32F7xx_HAL_Driver/Src/stm32f7xx_hal_tim_ex.o

.debug_frame    0x00000000     0x54b8
 .debug_frame   0x00000000      0x128 ./Core/Src/ILI9341_GFX.o
 .debug_frame   0x00000128      0x24c ./Core/Src/ILI9341_STM32_Driver.o
 .debug_frame   0x00000374       0x98 ./Core/Src/ILI9341_Touchscreen.o
 .debug_frame   0x0000040c       0x7c ./Core/Src/adc.o
 .debug_frame   0x00000488       0x34 ./Core/Src/gpio.o
 .debug_frame   0x000004bc       0xb0 ./Core/Src/i2c.o
 .debug_frame   0x0000056c      0x2ec ./Core/Src/main.o
 .debug_frame   0x00000858       0x78 ./Core/Src/rng.o
 .debug_frame   0x000008d0       0x74 ./Core/Src/spi.o
 .debug_frame   0x00000944       0x38 ./Core/Src/stm32f7xx_hal_msp.o
 .debug_frame   0x0000097c      0x104 ./Core/Src/stm32f7xx_it.o
 .debug_frame   0x00000a80       0x34 ./Core/Src/sysmem.o
 .debug_frame   0x00000ab4       0x58 ./Core/Src/system_stm32f7xx.o
 .debug_frame   0x00000b0c       0x84 ./Core/Src/tim.o
 .debug_frame   0x00000b90      0x3f4 ./Drivers/STM32F7xx_HAL_Driver/Src/stm32f7xx_hal.o
 .debug_frame   0x00000f84      0x3fc ./Drivers/STM32F7xx_HAL_Driver/Src/stm32f7xx_hal_adc.o
 .debug_frame   0x00001380      0x4e8 ./Drivers/STM32F7xx_HAL_Driver/Src/stm32f7xx_hal_cortex.o
 .debug_frame   0x00001868      0x14c ./Drivers/STM32F7xx_HAL_Driver/Src/stm32f7xx_hal_gpio.o
 .debug_frame   0x000019b4      0xc38 ./Drivers/STM32F7xx_HAL_Driver/Src/stm32f7xx_hal_i2c.o
 .debug_frame   0x000025ec       0xb0 ./Drivers/STM32F7xx_HAL_Driver/Src/stm32f7xx_hal_i2c_ex.o
 .debug_frame   0x0000269c      0x1c8 ./Drivers/STM32F7xx_HAL_Driver/Src/stm32f7xx_hal_pwr_ex.o
 .debug_frame   0x00002864      0x1f8 ./Drivers/STM32F7xx_HAL_Driver/Src/stm32f7xx_hal_rcc.o
 .debug_frame   0x00002a5c      0x118 ./Drivers/STM32F7xx_HAL_Driver/Src/stm32f7xx_hal_rcc_ex.o
 .debug_frame   0x00002b74      0x22c ./Drivers/STM32F7xx_HAL_Driver/Src/stm32f7xx_hal_rng.o
 .debug_frame   0x00002da0      0x860 ./Drivers/STM32F7xx_HAL_Driver/Src/stm32f7xx_hal_spi.o
 .debug_frame   0x00003600     0x121c ./Drivers/STM32F7xx_HAL_Driver/Src/stm32f7xx_hal_tim.o
 .debug_frame   0x0000481c      0x6b0 ./Drivers/STM32F7xx_HAL_Driver/Src/stm32f7xx_hal_tim_ex.o
 .debug_frame   0x00004ecc      0x144 C:/ST/STM32CubeIDE_1.19.0/STM32CubeIDE/plugins/com.st.stm32cube.ide.mcu.externaltools.gnu-tools-for-stm32.13.3.rel1.win32_1.0.0.202411081344/tools/bin/../lib/gcc/arm-none-eabi/13.3.1/../../../../arm-none-eabi/lib/thumb/v7e-m+dp/hard\libc_nano.a(libc_a-findfp.o)
 .debug_frame   0x00005010       0x74 C:/ST/STM32CubeIDE_1.19.0/STM32CubeIDE/plugins/com.st.stm32cube.ide.mcu.externaltools.gnu-tools-for-stm32.13.3.rel1.win32_1.0.0.202411081344/tools/bin/../lib/gcc/arm-none-eabi/13.3.1/../../../../arm-none-eabi/lib/thumb/v7e-m+dp/hard\libc_nano.a(libc_a-sprintf.o)
 .debug_frame   0x00005084       0x20 C:/ST/STM32CubeIDE_1.19.0/STM32CubeIDE/plugins/com.st.stm32cube.ide.mcu.externaltools.gnu-tools-for-stm32.13.3.rel1.win32_1.0.0.202411081344/tools/bin/../lib/gcc/arm-none-eabi/13.3.1/../../../../arm-none-eabi/lib/thumb/v7e-m+dp/hard\libc_nano.a(libc_a-memset.o)
 .debug_frame   0x000050a4       0x38 C:/ST/STM32CubeIDE_1.19.0/STM32CubeIDE/plugins/com.st.stm32cube.ide.mcu.externaltools.gnu-tools-for-stm32.13.3.rel1.win32_1.0.0.202411081344/tools/bin/../lib/gcc/arm-none-eabi/13.3.1/../../../../arm-none-eabi/lib/thumb/v7e-m+dp/hard\libc_nano.a(libc_a-reent.o)
 .debug_frame   0x000050dc       0x20 C:/ST/STM32CubeIDE_1.19.0/STM32CubeIDE/plugins/com.st.stm32cube.ide.mcu.externaltools.gnu-tools-for-stm32.13.3.rel1.win32_1.0.0.202411081344/tools/bin/../lib/gcc/arm-none-eabi/13.3.1/../../../../arm-none-eabi/lib/thumb/v7e-m+dp/hard\libc_nano.a(libc_a-errno.o)
 .debug_frame   0x000050fc       0x2c C:/ST/STM32CubeIDE_1.19.0/STM32CubeIDE/plugins/com.st.stm32cube.ide.mcu.externaltools.gnu-tools-for-stm32.13.3.rel1.win32_1.0.0.202411081344/tools/bin/../lib/gcc/arm-none-eabi/13.3.1/../../../../arm-none-eabi/lib/thumb/v7e-m+dp/hard\libc_nano.a(libc_a-init.o)
 .debug_frame   0x00005128       0xb0 C:/ST/STM32CubeIDE_1.19.0/STM32CubeIDE/plugins/com.st.stm32cube.ide.mcu.externaltools.gnu-tools-for-stm32.13.3.rel1.win32_1.0.0.202411081344/tools/bin/../lib/gcc/arm-none-eabi/13.3.1/../../../../arm-none-eabi/lib/thumb/v7e-m+dp/hard\libc_nano.a(libc_a-lock.o)
 .debug_frame   0x000051d8       0x38 C:/ST/STM32CubeIDE_1.19.0/STM32CubeIDE/plugins/com.st.stm32cube.ide.mcu.externaltools.gnu-tools-for-stm32.13.3.rel1.win32_1.0.0.202411081344/tools/bin/../lib/gcc/arm-none-eabi/13.3.1/../../../../arm-none-eabi/lib/thumb/v7e-m+dp/hard\libc_nano.a(libc_a-freer.o)
 .debug_frame   0x00005210       0x50 C:/ST/STM32CubeIDE_1.19.0/STM32CubeIDE/plugins/com.st.stm32cube.ide.mcu.externaltools.gnu-tools-for-stm32.13.3.rel1.win32_1.0.0.202411081344/tools/bin/../lib/gcc/arm-none-eabi/13.3.1/../../../../arm-none-eabi/lib/thumb/v7e-m+dp/hard\libc_nano.a(libc_a-mallocr.o)
 .debug_frame   0x00005260       0x30 C:/ST/STM32CubeIDE_1.19.0/STM32CubeIDE/plugins/com.st.stm32cube.ide.mcu.externaltools.gnu-tools-for-stm32.13.3.rel1.win32_1.0.0.202411081344/tools/bin/../lib/gcc/arm-none-eabi/13.3.1/../../../../arm-none-eabi/lib/thumb/v7e-m+dp/hard\libc_nano.a(libc_a-mlock.o)