../Drivers/CMSIS/Include/core_cm7.h:2229:22:SCB_EnableICache	4	static,ignoring_inline_asm
../Drivers/CMSIS/Include/core_cm7.h:2281:22:SCB_EnableDCache	24	static,ignoring_inline_asm
../Core/Src/main.c:151:6:SelectHorse	16	static
../Core/Src/main.c:162:6:TrainHorse	16	static
../Core/Src/main.c:171:9:GetPlayer	16	static
../Core/Src/main.c:178:6:DrawBitmap16Bit	40	static
../Core/Src/main.c:190:6:DrawBitmap16Bit_Transparent	40	static
../Core/Src/main.c:203:6:selectcharactorsceen	16	static
../Core/Src/main.c:212:6:DrawCharacter	24	static
../Core/Src/main.c:241:6:UpdateSelectScreen	24	static
../Core/Src/main.c:261:6:training	80	static
../Core/Src/main.c:290:10:Color565	16	static
../Core/Src/main.c:293:6:energybar	16	static
../Core/Src/main.c:301:6:ADC_Init	24	static
../Core/Src/main.c:320:6:Read_ADC_Range	8	static
../Core/Src/main.c:343:6:getCoord	24	static
../Core/Src/main.c:362:6:highlightCharacter	48	static
../Core/Src/main.c:387:5:main	24	static
../Core/Src/main.c:512:6:SystemClock_Config	88	static
../Core/Src/main.c:570:6:Error_Handler	4	static,ignoring_inline_asm
